(program
  1.1.0
  (let
    (nonrec)
    (datatypebind
      (datatype
        (tyvardecl UTuple3 (fun (type) (fun (type) (fun (type) (type)))))
        (tyvardecl a (type)) (tyvardecl b (type)) (tyvardecl c (type))
        UTuple3_match
        (vardecl UTuple3 (fun a (fun b (fun c [ [ [ UTuple3 a ] b ] c ]))))
      )
    )
    (datatypebind
      (datatype
        (tyvardecl
          UTuple5
          (fun
            (type) (fun (type) (fun (type) (fun (type) (fun (type) (type)))))
          )
        )
        (tyvardecl a (type))
        (tyvardecl b (type))
        (tyvardecl c (type))
        (tyvardecl d (type))
        (tyvardecl e (type))
        UTuple5_match
        (vardecl
          UTuple5
          (fun
            a
            (fun
              b (fun c (fun d (fun e [ [ [ [ [ UTuple5 a ] b ] c ] d ] e ])))
            )
          )
        )
      )
    )
    (termbind
      (strict)
      (vardecl addInteger (fun (con integer) (fun (con integer) (con integer))))
      (builtin addInteger)
    )
    (termbind
      (nonstrict)
      (vardecl addInteger (fun (con integer) (fun (con integer) (con integer))))
      (lam
        x
        (con integer)
        (let
          (nonrec)
          (termbind (strict) (vardecl x (con integer)) x)
          (lam
            y
            (con integer)
            (let
              (nonrec)
              (termbind (strict) (vardecl y (con integer)) y)
              [ [ addInteger x ] y ]
            )
          )
        )
      )
    )
    (termbind
      (nonstrict)
      (vardecl
        unboxedTuple
        (fun
          [
            [
              [ [ [ UTuple5 (con integer) ] (con integer) ] (con integer) ]
              (con integer)
            ]
            (con integer)
          ]
          (con integer)
        )
      )
      (lam
        ds
        [
          [
            [ [ [ UTuple5 (con integer) ] (con integer) ] (con integer) ]
            (con integer)
          ]
          (con integer)
        ]
        [
          {
            [
              {
                {
                  {
                    { { UTuple5_match (con integer) } (con integer) }
                    (con integer)
                  }
                  (con integer)
                }
                (con integer)
              }
              ds
            ]
            (con integer)
          }
          (lam
            i
            (con integer)
            (lam
              j
              (con integer)
              (lam
                k
                (con integer)
                (lam
                  l
                  (con integer)
                  (lam
                    m
                    (con integer)
                    [
                      [
                        addInteger
                        [
                          [
                            addInteger
                            [ [ addInteger [ [ addInteger i ] j ] ] k ]
                          ]
                          l
                        ]
                      ]
                      m
                    ]
                  )
                )
              )
            )
          )
        ]
      )
    )
    (termbind
      (nonstrict)
      (vardecl
        unboxedTuples3Tuple
        (fun
          [
            [
              [
                UTuple3
                [
                  [
                    [
                      [ [ UTuple5 (con integer) ] (con integer) ] (con integer)
                    ]
                    (con integer)
                  ]
                  (con integer)
                ]
              ]
              [
                [
                  [ [ [ UTuple5 (con integer) ] (con integer) ] (con integer) ]
                  (con integer)
                ]
                (con integer)
              ]
            ]
            [
              [
                [ [ [ UTuple5 (con integer) ] (con integer) ] (con integer) ]
                (con integer)
              ]
              (con integer)
            ]
          ]
          (con integer)
        )
      )
      (lam
        ds
        [
          [
            [
              UTuple3
              [
                [
                  [ [ [ UTuple5 (con integer) ] (con integer) ] (con integer) ]
                  (con integer)
                ]
                (con integer)
              ]
            ]
            [
              [
                [ [ [ UTuple5 (con integer) ] (con integer) ] (con integer) ]
                (con integer)
              ]
              (con integer)
            ]
          ]
          [
            [
              [ [ [ UTuple5 (con integer) ] (con integer) ] (con integer) ]
              (con integer)
            ]
            (con integer)
          ]
        ]
        [
          {
            [
              {
                {
                  {
                    UTuple3_match
                    [
                      [
                        [
                          [ [ UTuple5 (con integer) ] (con integer) ]
                          (con integer)
                        ]
                        (con integer)
                      ]
                      (con integer)
                    ]
                  }
                  [
                    [
                      [
                        [ [ UTuple5 (con integer) ] (con integer) ]
                        (con integer)
                      ]
                      (con integer)
                    ]
                    (con integer)
                  ]
                }
                [
                  [
                    [
                      [ [ UTuple5 (con integer) ] (con integer) ] (con integer)
                    ]
                    (con integer)
                  ]
                  (con integer)
                ]
              }
              ds
            ]
            (con integer)
          }
          (lam
            i
            [
              [
                [ [ [ UTuple5 (con integer) ] (con integer) ] (con integer) ]
                (con integer)
              ]
              (con integer)
            ]
            (lam
              j
              [
                [
                  [ [ [ UTuple5 (con integer) ] (con integer) ] (con integer) ]
                  (con integer)
                ]
                (con integer)
              ]
              (lam
                k
                [
                  [
                    [
                      [ [ UTuple5 (con integer) ] (con integer) ] (con integer)
                    ]
                    (con integer)
                  ]
                  (con integer)
                ]
                [
                  [
                    addInteger
                    [ [ addInteger [ unboxedTuple i ] ] [ unboxedTuple j ] ]
                  ]
                  [ unboxedTuple k ]
                ]
              )
            )
          )
        ]
      )
    )
    (lam
      x
      (con integer)
      (let
        (nonrec)
        (termbind (strict) (vardecl x (con integer)) x)
        [
          unboxedTuples3Tuple
          [
            [
              [
                {
                  {
                    {
                      UTuple3
                      [
                        [
                          [
                            [ [ UTuple5 (con integer) ] (con integer) ]
                            (con integer)
                          ]
                          (con integer)
                        ]
                        (con integer)
                      ]
                    }
                    [
                      [
                        [
                          [ [ UTuple5 (con integer) ] (con integer) ]
                          (con integer)
                        ]
                        (con integer)
                      ]
                      (con integer)
                    ]
                  }
                  [
                    [
                      [
                        [ [ UTuple5 (con integer) ] (con integer) ]
                        (con integer)
                      ]
                      (con integer)
                    ]
                    (con integer)
                  ]
                }
                [
                  [
                    [
                      [
                        [
                          {
                            {
                              {
                                { { UTuple5 (con integer) } (con integer) }
                                (con integer)
                              }
                              (con integer)
                            }
                            (con integer)
                          }
                          x
                        ]
                        x
                      ]
                      x
                    ]
                    x
                  ]
                  x
                ]
              ]
              [
                [
                  [
                    [
                      [
                        {
                          {
                            {
                              { { UTuple5 (con integer) } (con integer) }
                              (con integer)
                            }
                            (con integer)
                          }
                          (con integer)
                        }
                        x
                      ]
                      x
                    ]
                    x
                  ]
                  x
                ]
                x
              ]
            ]
            [
              [
                [
                  [
                    [
                      {
                        {
                          {
                            { { UTuple5 (con integer) } (con integer) }
                            (con integer)
                          }
                          (con integer)
                        }
                        (con integer)
                      }
                      x
                    ]
                    x
                  ]
                  x
                ]
                x
              ]
              x
            ]
          ]
        ]
      )
    )
  )
)