(program
  1.1.0
  (let
    (rec)
    (datatypebind
      (datatype
        (tyvardecl List (fun (type) (type)))
        (tyvardecl a (type))
        List_match
        (vardecl Nil [ List a ])
        (vardecl Cons (fun a (fun [ List a ] [ List a ])))
      )
    )
    [
      [ { Cons (con integer) } (con integer 1) ]
      [
        [ { Cons (con integer) } (con integer 2) ]
        [ [ { Cons (con integer) } (con integer 3) ] { Nil (con integer) } ]
      ]
    ]
  )
)