(program
   1.1.0
   ((\fix1 ->
       (\subtractInteger ->
          (\mkCons ->
             (\lessThanEqualsInteger ->
                (\ifThenElse ->
                   (\caseList' ->
                      force
                        (delay
                           (\True
                             False
                             Bool_match ->
                              (\`$fMkNilInteger` ->
                                 (\tup ->
                                    (\take ->
                                       (\take xs ->
                                          (\xs ->
                                             force (force take)
                                               (force `$fMkNilInteger`)
                                               5
                                               xs)
                                            xs)
                                         (take (delay (\x -> x))))
                                      (force tup (\arg_0 -> arg_0)))
                                   (delay
                                      (\f ->
                                         f
                                           (force
                                              (force fix1)
                                              (\take
                                                arg ->
                                                 delay
                                                   (delay
                                                      (\`$dMkNil`
                                                        n ->
                                                         (\n
                                                           l ->
                                                            (\l ->
                                                               (\b ->
                                                                  force
                                                                    (force
                                                                       (Bool_match
                                                                          (force
                                                                             ifThenElse
                                                                             b
                                                                             True
                                                                             False))
                                                                       (delay
                                                                          `$dMkNil`)
                                                                       (delay
                                                                          (force
                                                                             (force
                                                                                caseList')
                                                                             `$dMkNil`
                                                                             (\x ->
                                                                                (\x
                                                                                  xs ->
                                                                                   (\xs ->
                                                                                      force
                                                                                        mkCons
                                                                                        x
                                                                                        (force
                                                                                           (force
                                                                                              (take
                                                                                                 (delay
                                                                                                    (\x ->
                                                                                                       x))))
                                                                                           `$dMkNil`
                                                                                           (subtractInteger
                                                                                              n
                                                                                              1)
                                                                                           xs))
                                                                                     xs)
                                                                                  x)
                                                                             l))))
                                                                 (lessThanEqualsInteger
                                                                    n
                                                                    0))
                                                              l)
                                                           n)))))))
                                (delay [])))
                        (constr 0 [])
                        (constr 1 [])
                        (\x ->
                           delay
                             (\case_True case_False ->
                                case x [case_True, case_False])))
                     (delay
                        (delay
                           (\z f xs ->
                              force
                                (force (force chooseList)
                                   xs
                                   (delay z)
                                   (delay
                                      (f
                                         (force headList xs)
                                         (force tailList xs))))))))
                  ifThenElse)
               lessThanEqualsInteger)
            mkCons)
         subtractInteger)
      (delay
         (delay
            (\f ->
               force (delay (\s -> s s))
                 (\s -> f (\x -> force (delay (\s -> s s)) s x)))))))