/\(a :: *) -> wrap (\(b :: (* -> *) -> *) -> \(p :: * -> *) -> p ((\(list :: *) -> (\(a :: *) -> all (r :: *). r -> (a -> list -> r) -> r) a) ((\(k :: (* -> *) -> *) -> k (\(r :: *) -> r)) b))) (\(r :: *) -> r) (/\(r :: *) -> \(z : r) -> \(f : a -> (\(a :: *) -> (\(k :: (* -> *) -> *) -> k (\(r :: *) -> r)) (\(spine :: * -> *) -> ifix (\(b :: (* -> *) -> *) -> \(p :: * -> *) -> p ((\(list :: *) -> all (r :: *). r -> (a -> list -> r) -> r) ((\(k :: (* -> *) -> *) -> k (\(r :: *) -> r)) b))) spine)) a -> r) -> z)