(program
  1.1.0
  (let
    (nonrec)
    (datatypebind
      (datatype
        (tyvardecl Bool (type))

        Bool_match
        (vardecl True Bool) (vardecl False Bool)
      )
    )
    (termbind
      (nonstrict)
      (vardecl nandDirect (fun Bool (fun Bool Bool)))
      (lam
        ds
        Bool
        (lam
          ds
          Bool
          {
            [
              [
                { [ Bool_match ds ] (all dead (type) Bool) }
                (abs dead (type) False)
              ]
              (abs
                dead
                (type)
                {
                  [
                    [
                      { [ Bool_match ds ] (all dead (type) Bool) }
                      (abs dead (type) False)
                    ]
                    (abs dead (type) True)
                  ]
                  (all dead (type) dead)
                }
              )
            ]
            (all dead (type) dead)
          }
        )
      )
    )
    (termbind
      (nonstrict)
      (vardecl andDirect (fun Bool (fun Bool Bool)))
      (lam
        ds
        Bool
        (lam
          ds
          Bool
          [ [ nandDirect [ [ nandDirect ds ] ds ] ] [ [ nandDirect ds ] ds ] ]
        )
      )
    )
    [ [ andDirect True ] False ]
  )
)