/\(a :: *) -> iwrap ((\(a :: *) -> \(rec :: ((* -> *) -> * -> *) -> *) -> \(n :: (* -> *) -> * -> *) -> all (r :: ((* -> *) -> * -> *) -> *). (all (p :: (* -> *) -> * -> *). a -> rec p -> r ((\(n :: (* -> *) -> * -> *) -> \(f :: * -> *) -> \(z :: *) -> f (n f z)) p)) -> r (\(f :: * -> *) -> \(z :: *) -> z) -> r n) a) (\(f :: * -> *) -> \(z :: *) -> z) (/\(r :: ((* -> *) -> * -> *) -> *) -> \(f : all (p :: (* -> *) -> * -> *). a -> (\(a :: *) -> \(n :: (* -> *) -> * -> *) -> ifix ((\(a :: *) -> \(rec :: ((* -> *) -> * -> *) -> *) -> \(n :: (* -> *) -> * -> *) -> all (r :: ((* -> *) -> * -> *) -> *). (all (p :: (* -> *) -> * -> *). a -> rec p -> r ((\(n :: (* -> *) -> * -> *) -> \(f :: * -> *) -> \(z :: *) -> f (n f z)) p)) -> r (\(f :: * -> *) -> \(z :: *) -> z) -> r n) a) n) a p -> r ((\(n :: (* -> *) -> * -> *) -> \(f :: * -> *) -> \(z :: *) -> f (n f z)) p)) -> \(z : r (\(f :: * -> *) -> \(z :: *) -> z)) -> z)