(program 1.0.0
  [
    {
      [
        {
          {
            {
              {
                (abs
                  a_46
                  (type)
                  (abs
                    b_47
                    (type)
                    (abs
                      a_48
                      (type)
                      (abs
                        b_49
                        (type)
                        [
                          {
                            (abs
                              F_50
                              (fun (type) (type))
                              (lam
                                by_51
                                (fun (all Q_52 (type) (fun [F_50 Q_52] Q_52)) (all Q_53 (type) (fun [F_50 Q_53] Q_53)))
                                [
                                  {
                                    {
                                      (abs
                                        a_64
                                        (type)
                                        (abs
                                          b_65
                                          (type)
                                          (lam
                                            f_66
                                            (fun (fun a_64 b_65) (fun a_64 b_65))
                                            [
                                              {
                                                (abs
                                                  a_58
                                                  (type)
                                                  (lam
                                                    s_59
                                                    [(lam a_56 (type) (fix self_57 (fun self_57 a_56))) a_58]
                                                    [ (unwrap s_59) s_59 ]
                                                  )
                                                )
                                                (fun a_64 b_65)
                                              }
                                              (wrap
                                                self_55
                                                [(lam a_54 (type) (fun self_55 a_54)) (fun a_64 b_65)]
                                                (lam
                                                  s_67
                                                  [(lam a_54 (type) (fix self_55 (fun self_55 a_54))) (fun a_64 b_65)]
                                                  (lam
                                                    x_68
                                                    a_64
                                                    [
                                                      [
                                                        f_66
                                                        [
                                                          {
                                                            (abs
                                                              a_62
                                                              (type)
                                                              (lam
                                                                s_63
                                                                [(lam a_60 (type) (fix self_61 (fun self_61 a_60))) a_62]
                                                                [
                                                                  (unwrap s_63)
                                                                  s_63
                                                                ]
                                                              )
                                                            )
                                                            (fun a_64 b_65)
                                                          }
                                                          s_67
                                                        ]
                                                      ]
                                                      x_68
                                                    ]
                                                  )
                                                )
                                              )
                                            ]
                                          )
                                        )
                                      )
                                      (all Q_69 (type) (fun [F_50 Q_69] [F_50 Q_69]))
                                    }
                                    (all Q_70 (type) (fun [F_50 Q_70] Q_70))
                                  }
                                  (lam
                                    rec_71
                                    (fun (all Q_72 (type) (fun [F_50 Q_72] [F_50 Q_72])) (all Q_73 (type) (fun [F_50 Q_73] Q_73)))
                                    (lam
                                      h_74
                                      (all Q_75 (type) (fun [F_50 Q_75] [F_50 Q_75]))
                                      (abs
                                        R_76
                                        (type)
                                        (lam
                                          fr_77
                                          [F_50 R_76]
                                          [
                                            {
                                              [
                                                by_51
                                                (abs
                                                  Q_78
                                                  (type)
                                                  (lam
                                                    fq_79
                                                    [F_50 Q_78]
                                                    [
                                                      { [ rec_71 h_74 ] Q_78 }
                                                      [ { h_74 Q_78 } fq_79 ]
                                                    ]
                                                  )
                                                )
                                              ]
                                              R_76
                                            }
                                            fr_77
                                          ]
                                        )
                                      )
                                    )
                                  )
                                ]
                              )
                            )
                            (lam X_80 (type) (fun (fun a_46 b_47) (fun (fun a_48 b_49) X_80)))
                          }
                          (lam
                            k_82
                            (all Q_83 (type) (fun (fun (fun a_46 b_47) (fun (fun a_48 b_49) Q_83)) Q_83))
                            (abs
                              S_81
                              (type)
                              (lam
                                h_84
                                (fun (fun a_46 b_47) (fun (fun a_48 b_49) S_81))
                                [
                                  [
                                    h_84
                                    (lam
                                      x_87
                                      a_46
                                      [
                                        { k_82 b_47 }
                                        (lam
                                          f_85
                                          (fun a_46 b_47)
                                          (lam
                                            f_86 (fun a_48 b_49) [ f_85 x_87 ]
                                          )
                                        )
                                      ]
                                    )
                                  ]
                                  (lam
                                    x_90
                                    a_48
                                    [
                                      { k_82 b_49 }
                                      (lam
                                        f_88
                                        (fun a_46 b_47)
                                        (lam f_89 (fun a_48 b_49) [ f_89 x_90 ])
                                      )
                                    ]
                                  )
                                ]
                              )
                            )
                          )
                        ]
                      )
                    )
                  )
                )
                [(con integer) (con 64)]
              }
              (all Bool_matchOut_1 (type) (fun Bool_matchOut_1 (fun Bool_matchOut_1 Bool_matchOut_1)))
            }
            [(con integer) (con 64)]
          }
          (all Bool_matchOut_3 (type) (fun Bool_matchOut_3 (fun Bool_matchOut_3 Bool_matchOut_3)))
        }
        (abs
          Q_6
          (type)
          (lam
            choose_7
            (fun (fun [(con integer) (con 64)] (all Bool_matchOut_1 (type) (fun Bool_matchOut_1 (fun Bool_matchOut_1 Bool_matchOut_1)))) (fun (fun [(con integer) (con 64)] (all Bool_matchOut_3 (type) (fun Bool_matchOut_3 (fun Bool_matchOut_3 Bool_matchOut_3)))) Q_6))
            (lam
              odd_10
              (fun [(con integer) (con 64)] (all Bool_matchOut_9 (type) (fun Bool_matchOut_9 (fun Bool_matchOut_9 Bool_matchOut_9))))
              (lam
                even_13
                (fun [(con integer) (con 64)] (all Bool_matchOut_12 (type) (fun Bool_matchOut_12 (fun Bool_matchOut_12 Bool_matchOut_12))))
                [
                  [
                    choose_7
                    (lam
                      n_14
                      [(con integer) (con 64)]
                      [
                        [
                          [
                            {
                              [
                                [ { (con equalsInteger) (con 64) } n_14 ]
                                (con 64 ! 0)
                              ]
                              (fun (all a_20 (type) (fun a_20 a_20)) (all Bool_matchOut_19 (type) (fun Bool_matchOut_19 (fun Bool_matchOut_19 Bool_matchOut_19))))
                            }
                            (lam
                              thunk_24
                              (all a_25 (type) (fun a_25 a_25))
                              (abs
                                Bool_matchOut_21
                                (type)
                                (lam
                                  True_22
                                  Bool_matchOut_21
                                  (lam False_23 Bool_matchOut_21 False_23)
                                )
                              )
                            )
                          ]
                          (lam
                            thunk_26
                            (all a_27 (type) (fun a_27 a_27))
                            [
                              even_13
                              [
                                [ { (con subtractInteger) (con 64) } n_14 ]
                                (con 64 ! 1)
                              ]
                            ]
                          )
                        ]
                        (abs a_28 (type) (lam x_29 a_28 x_29))
                      ]
                    )
                  ]
                  (lam
                    n_30
                    [(con integer) (con 64)]
                    [
                      [
                        [
                          {
                            [
                              [ { (con equalsInteger) (con 64) } n_30 ]
                              (con 64 ! 0)
                            ]
                            (fun (all a_36 (type) (fun a_36 a_36)) (all Bool_matchOut_35 (type) (fun Bool_matchOut_35 (fun Bool_matchOut_35 Bool_matchOut_35))))
                          }
                          (lam
                            thunk_40
                            (all a_41 (type) (fun a_41 a_41))
                            (abs
                              Bool_matchOut_37
                              (type)
                              (lam
                                True_38
                                Bool_matchOut_37
                                (lam False_39 Bool_matchOut_37 True_38)
                              )
                            )
                          )
                        ]
                        (lam
                          thunk_42
                          (all a_43 (type) (fun a_43 a_43))
                          [
                            odd_10
                            [
                              [ { (con subtractInteger) (con 64) } n_30 ]
                              (con 64 ! 1)
                            ]
                          ]
                        )
                      ]
                      (abs a_44 (type) (lam x_45 a_44 x_45))
                    ]
                  )
                ]
              )
            )
          )
        )
      ]
      (fun [(con integer) (con 64)] (all Bool_matchOut_5 (type) (fun Bool_matchOut_5 (fun Bool_matchOut_5 Bool_matchOut_5))))
    }
    (lam
      odd_93
      (fun [(con integer) (con 64)] (all Bool_matchOut_92 (type) (fun Bool_matchOut_92 (fun Bool_matchOut_92 Bool_matchOut_92))))
      (lam
        even_96
        (fun [(con integer) (con 64)] (all Bool_matchOut_95 (type) (fun Bool_matchOut_95 (fun Bool_matchOut_95 Bool_matchOut_95))))
        even_96
      )
    )
  ]
)