(program 1.0.0
  [
    {
      [
        {
          {
            {
              {
                (abs
                  a_104
                  (type)
                  (abs
                    b_105
                    (type)
                    (abs
                      a_106
                      (type)
                      (abs
                        b_107
                        (type)
                        [
                          {
                            (abs
                              F_108
                              (fun (type) (type))
                              (lam
                                by_109
                                (fun (all Q_110 (type) (fun [F_108 Q_110] Q_110)) (all Q_111 (type) (fun [F_108 Q_111] Q_111)))
                                [
                                  {
                                    {
                                      (abs
                                        a_112
                                        (type)
                                        (abs
                                          b_113
                                          (type)
                                          (lam
                                            f_114
                                            (fun (fun a_112 b_113) (fun a_112 b_113))
                                            [
                                              {
                                                (abs
                                                  a_115
                                                  (type)
                                                  (lam
                                                    s_116
                                                    [(lam a_117 (type) (fix self_118 (fun self_118 a_117))) a_115]
                                                    [ (unwrap s_116) s_116 ]
                                                  )
                                                )
                                                (fun a_112 b_113)
                                              }
                                              (wrap
                                                self_119
                                                [(lam a_120 (type) (fun self_119 a_120)) (fun a_112 b_113)]
                                                (lam
                                                  s_121
                                                  [(lam a_122 (type) (fix self_123 (fun self_123 a_122))) (fun a_112 b_113)]
                                                  (lam
                                                    x_124
                                                    a_112
                                                    [
                                                      [
                                                        f_114
                                                        [
                                                          {
                                                            (abs
                                                              a_125
                                                              (type)
                                                              (lam
                                                                s_126
                                                                [(lam a_127 (type) (fix self_128 (fun self_128 a_127))) a_125]
                                                                [
                                                                  (unwrap s_126)
                                                                  s_126
                                                                ]
                                                              )
                                                            )
                                                            (fun a_112 b_113)
                                                          }
                                                          s_121
                                                        ]
                                                      ]
                                                      x_124
                                                    ]
                                                  )
                                                )
                                              )
                                            ]
                                          )
                                        )
                                      )
                                      (all Q_129 (type) (fun [F_108 Q_129] [F_108 Q_129]))
                                    }
                                    (all Q_130 (type) (fun [F_108 Q_130] Q_130))
                                  }
                                  (lam
                                    rec_131
                                    (fun (all Q_132 (type) (fun [F_108 Q_132] [F_108 Q_132])) (all Q_133 (type) (fun [F_108 Q_133] Q_133)))
                                    (lam
                                      h_134
                                      (all Q_135 (type) (fun [F_108 Q_135] [F_108 Q_135]))
                                      (abs
                                        R_136
                                        (type)
                                        (lam
                                          fr_137
                                          [F_108 R_136]
                                          [
                                            {
                                              [
                                                by_109
                                                (abs
                                                  Q_138
                                                  (type)
                                                  (lam
                                                    fq_139
                                                    [F_108 Q_138]
                                                    [
                                                      {
                                                        [ rec_131 h_134 ] Q_138
                                                      }
                                                      [ { h_134 Q_138 } fq_139 ]
                                                    ]
                                                  )
                                                )
                                              ]
                                              R_136
                                            }
                                            fr_137
                                          ]
                                        )
                                      )
                                    )
                                  )
                                ]
                              )
                            )
                            (lam X_140 (type) (fun (fun a_104 b_105) (fun (fun a_106 b_107) X_140)))
                          }
                          (lam
                            k_141
                            (all Q_142 (type) (fun (fun (fun a_104 b_105) (fun (fun a_106 b_107) Q_142)) Q_142))
                            (abs
                              S_143
                              (type)
                              (lam
                                h_144
                                (fun (fun a_104 b_105) (fun (fun a_106 b_107) S_143))
                                [
                                  [
                                    h_144
                                    (lam
                                      x_145
                                      a_104
                                      [
                                        { k_141 b_105 }
                                        (lam
                                          f_146
                                          (fun a_104 b_105)
                                          (lam
                                            f_147
                                            (fun a_106 b_107)
                                            [ f_146 x_145 ]
                                          )
                                        )
                                      ]
                                    )
                                  ]
                                  (lam
                                    x_148
                                    a_106
                                    [
                                      { k_141 b_107 }
                                      (lam
                                        f_149
                                        (fun a_104 b_105)
                                        (lam
                                          f_150
                                          (fun a_106 b_107)
                                          [ f_150 x_148 ]
                                        )
                                      )
                                    ]
                                  )
                                ]
                              )
                            )
                          )
                        ]
                      )
                    )
                  )
                )
                [(con integer) (con 64)]
              }
              (all Bool_matchOut_151 (type) (fun Bool_matchOut_151 (fun Bool_matchOut_151 Bool_matchOut_151)))
            }
            [(con integer) (con 64)]
          }
          (all Bool_matchOut_152 (type) (fun Bool_matchOut_152 (fun Bool_matchOut_152 Bool_matchOut_152)))
        }
        (abs
          Q_153
          (type)
          (lam
            choose_154
            (fun (fun [(con integer) (con 64)] (all Bool_matchOut_155 (type) (fun Bool_matchOut_155 (fun Bool_matchOut_155 Bool_matchOut_155)))) (fun (fun [(con integer) (con 64)] (all Bool_matchOut_156 (type) (fun Bool_matchOut_156 (fun Bool_matchOut_156 Bool_matchOut_156)))) Q_153))
            (lam
              odd_157
              (fun [(con integer) (con 64)] (all Bool_matchOut_158 (type) (fun Bool_matchOut_158 (fun Bool_matchOut_158 Bool_matchOut_158))))
              (lam
                even_159
                (fun [(con integer) (con 64)] (all Bool_matchOut_160 (type) (fun Bool_matchOut_160 (fun Bool_matchOut_160 Bool_matchOut_160))))
                [
                  [
                    choose_154
                    (lam
                      n_161
                      [(con integer) (con 64)]
                      [
                        [
                          [
                            {
                              [
                                (lam
                                  x_162
                                  (all Bool_matchOut_163 (type) (fun Bool_matchOut_163 (fun Bool_matchOut_163 Bool_matchOut_163)))
                                  x_162
                                )
                                [
                                  [ { (con equalsInteger) (con 64) } n_161 ]
                                  (con 64 ! 0)
                                ]
                              ]
                              (fun (all a_164 (type) (fun a_164 a_164)) (all Bool_matchOut_165 (type) (fun Bool_matchOut_165 (fun Bool_matchOut_165 Bool_matchOut_165))))
                            }
                            (lam
                              thunk_166
                              (all a_167 (type) (fun a_167 a_167))
                              (abs
                                Bool_matchOut_168
                                (type)
                                (lam
                                  True_169
                                  Bool_matchOut_168
                                  (lam False_170 Bool_matchOut_168 False_170)
                                )
                              )
                            )
                          ]
                          (lam
                            thunk_171
                            (all a_172 (type) (fun a_172 a_172))
                            [
                              even_159
                              [
                                [ { (con subtractInteger) (con 64) } n_161 ]
                                (con 64 ! 1)
                              ]
                            ]
                          )
                        ]
                        (abs a_173 (type) (lam x_174 a_173 x_174))
                      ]
                    )
                  ]
                  (lam
                    n_175
                    [(con integer) (con 64)]
                    [
                      [
                        [
                          {
                            [
                              (lam
                                x_176
                                (all Bool_matchOut_177 (type) (fun Bool_matchOut_177 (fun Bool_matchOut_177 Bool_matchOut_177)))
                                x_176
                              )
                              [
                                [ { (con equalsInteger) (con 64) } n_175 ]
                                (con 64 ! 0)
                              ]
                            ]
                            (fun (all a_178 (type) (fun a_178 a_178)) (all Bool_matchOut_179 (type) (fun Bool_matchOut_179 (fun Bool_matchOut_179 Bool_matchOut_179))))
                          }
                          (lam
                            thunk_180
                            (all a_181 (type) (fun a_181 a_181))
                            (abs
                              Bool_matchOut_182
                              (type)
                              (lam
                                True_183
                                Bool_matchOut_182
                                (lam False_184 Bool_matchOut_182 True_183)
                              )
                            )
                          )
                        ]
                        (lam
                          thunk_185
                          (all a_186 (type) (fun a_186 a_186))
                          [
                            odd_157
                            [
                              [ { (con subtractInteger) (con 64) } n_175 ]
                              (con 64 ! 1)
                            ]
                          ]
                        )
                      ]
                      (abs a_187 (type) (lam x_188 a_187 x_188))
                    ]
                  )
                ]
              )
            )
          )
        )
      ]
      (fun [(con integer) (con 64)] (all Bool_matchOut_189 (type) (fun Bool_matchOut_189 (fun Bool_matchOut_189 Bool_matchOut_189))))
    }
    (lam
      odd_190
      (fun [(con integer) (con 64)] (all Bool_matchOut_191 (type) (fun Bool_matchOut_191 (fun Bool_matchOut_191 Bool_matchOut_191))))
      (lam
        even_192
        (fun [(con integer) (con 64)] (all Bool_matchOut_193 (type) (fun Bool_matchOut_193 (fun Bool_matchOut_193 Bool_matchOut_193))))
        even_192
      )
    )
  ]
)