(program 1.0.0
  [
    [
      {
        (abs
          unit_154
          (type)
          (lam
            unit_155
            unit_154
            (lam
              p_match_156
              (fun unit_154 (all out_unit_157 (type) (fun out_unit_157 out_unit_157)))
              [
                (lam
                  subtractInteger_158
                  (fun [(con integer) (con 64)] (fun [(con integer) (con 64)] [(con integer) (con 64)]))
                  [
                    (lam
                      addInteger_159
                      (fun [(con integer) (con 64)] (fun [(con integer) (con 64)] [(con integer) (con 64)]))
                      [
                        [
                          [
                            {
                              (abs
                                Bool_160
                                (type)
                                (lam
                                  True_161
                                  Bool_160
                                  (lam
                                    False_162
                                    Bool_160
                                    (lam
                                      Bool_match_163
                                      (fun Bool_160 (all out_Bool_164 (type) (fun out_Bool_164 (fun out_Bool_164 out_Bool_164))))
                                      [
                                        (lam
                                          equalsInteger_165
                                          (fun [(con integer) (con 64)] (fun [(con integer) (con 64)] Bool_160))
                                          [
                                            (lam
                                              tuple_166
                                              [(lam t_0_167 (type) (all r_168 (type) (fun (fun t_0_167 r_168) r_168))) (fun [(con integer) (con 64)] [(con integer) (con 64)])]
                                              [
                                                (lam
                                                  fib_169
                                                  (fun [(con integer) (con 64)] [(con integer) (con 64)])
                                                  fib_169
                                                )
                                                [
                                                  {
                                                    (abs
                                                      t_0_170
                                                      (type)
                                                      (lam
                                                        tuple_171
                                                        [(lam t_0_172 (type) (all r_173 (type) (fun (fun t_0_172 r_173) r_173))) t_0_170]
                                                        [
                                                          { tuple_171 t_0_170 }
                                                          (lam
                                                            arg_0_174
                                                            t_0_170
                                                            arg_0_174
                                                          )
                                                        ]
                                                      )
                                                    )
                                                    (fun [(con integer) (con 64)] [(con integer) (con 64)])
                                                  }
                                                  tuple_166
                                                ]
                                              ]
                                            )
                                            [
                                              {
                                                {
                                                  (abs
                                                    a_175
                                                    (type)
                                                    (abs
                                                      b_176
                                                      (type)
                                                      [
                                                        {
                                                          (abs
                                                            F_177
                                                            (fun (type) (type))
                                                            (lam
                                                              by_178
                                                              (fun (all Q_179 (type) (fun [F_177 Q_179] Q_179)) (all Q_180 (type) (fun [F_177 Q_180] Q_180)))
                                                              [
                                                                {
                                                                  {
                                                                    (abs
                                                                      a_181
                                                                      (type)
                                                                      (abs
                                                                        b_182
                                                                        (type)
                                                                        (lam
                                                                          f_183
                                                                          (fun (fun a_181 b_182) (fun a_181 b_182))
                                                                          [
                                                                            {
                                                                              (abs
                                                                                a_184
                                                                                (type)
                                                                                (lam
                                                                                  s_185
                                                                                  [(lam a_186 (type) (fix self_187 (fun self_187 a_186))) a_184]
                                                                                  [
                                                                                    (unwrap
                                                                                      s_185
                                                                                    )
                                                                                    s_185
                                                                                  ]
                                                                                )
                                                                              )
                                                                              (fun a_181 b_182)
                                                                            }
                                                                            (wrap
                                                                              self_188
                                                                              [(lam a_189 (type) (fun self_188 a_189)) (fun a_181 b_182)]
                                                                              (lam
                                                                                s_190
                                                                                [(lam a_191 (type) (fix self_192 (fun self_192 a_191))) (fun a_181 b_182)]
                                                                                (lam
                                                                                  x_193
                                                                                  a_181
                                                                                  [
                                                                                    [
                                                                                      f_183
                                                                                      [
                                                                                        {
                                                                                          (abs
                                                                                            a_194
                                                                                            (type)
                                                                                            (lam
                                                                                              s_195
                                                                                              [(lam a_196 (type) (fix self_197 (fun self_197 a_196))) a_194]
                                                                                              [
                                                                                                (unwrap
                                                                                                  s_195
                                                                                                )
                                                                                                s_195
                                                                                              ]
                                                                                            )
                                                                                          )
                                                                                          (fun a_181 b_182)
                                                                                        }
                                                                                        s_190
                                                                                      ]
                                                                                    ]
                                                                                    x_193
                                                                                  ]
                                                                                )
                                                                              )
                                                                            )
                                                                          ]
                                                                        )
                                                                      )
                                                                    )
                                                                    (all Q_198 (type) (fun [F_177 Q_198] [F_177 Q_198]))
                                                                  }
                                                                  (all Q_199 (type) (fun [F_177 Q_199] Q_199))
                                                                }
                                                                (lam
                                                                  rec_200
                                                                  (fun (all Q_201 (type) (fun [F_177 Q_201] [F_177 Q_201])) (all Q_202 (type) (fun [F_177 Q_202] Q_202)))
                                                                  (lam
                                                                    h_203
                                                                    (all Q_204 (type) (fun [F_177 Q_204] [F_177 Q_204]))
                                                                    (abs
                                                                      R_205
                                                                      (type)
                                                                      (lam
                                                                        fr_206
                                                                        [F_177 R_205]
                                                                        [
                                                                          {
                                                                            [
                                                                              by_178
                                                                              (abs
                                                                                Q_207
                                                                                (type)
                                                                                (lam
                                                                                  fq_208
                                                                                  [F_177 Q_207]
                                                                                  [
                                                                                    {
                                                                                      [
                                                                                        rec_200
                                                                                        h_203
                                                                                      ]
                                                                                      Q_207
                                                                                    }
                                                                                    [
                                                                                      {
                                                                                        h_203
                                                                                        Q_207
                                                                                      }
                                                                                      fq_208
                                                                                    ]
                                                                                  ]
                                                                                )
                                                                              )
                                                                            ]
                                                                            R_205
                                                                          }
                                                                          fr_206
                                                                        ]
                                                                      )
                                                                    )
                                                                  )
                                                                )
                                                              ]
                                                            )
                                                          )
                                                          (lam X_209 (type) (fun (fun a_175 b_176) X_209))
                                                        }
                                                        (lam
                                                          k_210
                                                          (all Q_211 (type) (fun (fun (fun a_175 b_176) Q_211) Q_211))
                                                          (abs
                                                            S_212
                                                            (type)
                                                            (lam
                                                              h_213
                                                              (fun (fun a_175 b_176) S_212)
                                                              [
                                                                h_213
                                                                (lam
                                                                  x_214
                                                                  a_175
                                                                  [
                                                                    {
                                                                      k_210
                                                                      b_176
                                                                    }
                                                                    (lam
                                                                      f_215
                                                                      (fun a_175 b_176)
                                                                      [
                                                                        f_215
                                                                        x_214
                                                                      ]
                                                                    )
                                                                  ]
                                                                )
                                                              ]
                                                            )
                                                          )
                                                        )
                                                      ]
                                                    )
                                                  )
                                                  [(con integer) (con 64)]
                                                }
                                                [(con integer) (con 64)]
                                              }
                                              (abs
                                                Q_216
                                                (type)
                                                (lam
                                                  choose_217
                                                  (fun (fun [(con integer) (con 64)] [(con integer) (con 64)]) Q_216)
                                                  (lam
                                                    fib_218
                                                    (fun [(con integer) (con 64)] [(con integer) (con 64)])
                                                    [
                                                      choose_217
                                                      (lam
                                                        n_219
                                                        [(con integer) (con 64)]
                                                        [
                                                          [
                                                            [
                                                              {
                                                                [
                                                                  Bool_match_163
                                                                  [
                                                                    [
                                                                      equalsInteger_165
                                                                      n_219
                                                                    ]
                                                                    (con 64 ! 0)
                                                                  ]
                                                                ]
                                                                (fun unit_154 [(con integer) (con 64)])
                                                              }
                                                              (lam
                                                                thunk_220
                                                                unit_154
                                                                (con 64 ! 0)
                                                              )
                                                            ]
                                                            (lam
                                                              thunk_221
                                                              unit_154
                                                              [
                                                                [
                                                                  [
                                                                    {
                                                                      [
                                                                        Bool_match_163
                                                                        [
                                                                          [
                                                                            equalsInteger_165
                                                                            n_219
                                                                          ]
                                                                          (con
                                                                            64 ! 1
                                                                          )
                                                                        ]
                                                                      ]
                                                                      (fun unit_154 [(con integer) (con 64)])
                                                                    }
                                                                    (lam
                                                                      thunk_222
                                                                      unit_154
                                                                      (con
                                                                        64 ! 1
                                                                      )
                                                                    )
                                                                  ]
                                                                  (lam
                                                                    thunk_223
                                                                    unit_154
                                                                    [
                                                                      [
                                                                        addInteger_159
                                                                        [
                                                                          fib_218
                                                                          [
                                                                            [
                                                                              subtractInteger_158
                                                                              n_219
                                                                            ]
                                                                            (con
                                                                              64 ! 1
                                                                            )
                                                                          ]
                                                                        ]
                                                                      ]
                                                                      [
                                                                        fib_218
                                                                        [
                                                                          [
                                                                            subtractInteger_158
                                                                            n_219
                                                                          ]
                                                                          (con
                                                                            64 ! 2
                                                                          )
                                                                        ]
                                                                      ]
                                                                    ]
                                                                  )
                                                                ]
                                                                unit_155
                                                              ]
                                                            )
                                                          ]
                                                          unit_155
                                                        ]
                                                      )
                                                    ]
                                                  )
                                                )
                                              )
                                            ]
                                          ]
                                        )
                                        (lam
                                          arg_224
                                          [(con integer) (con 64)]
                                          (lam
                                            arg_225
                                            [(con integer) (con 64)]
                                            [
                                              (lam
                                                b_226
                                                (all a_227 (type) (fun a_227 (fun a_227 a_227)))
                                                [
                                                  [
                                                    { b_226 Bool_160 } True_161
                                                  ]
                                                  False_162
                                                ]
                                              )
                                              [
                                                [
                                                  {
                                                    (con equalsInteger) (con 64)
                                                  }
                                                  arg_224
                                                ]
                                                arg_225
                                              ]
                                            ]
                                          )
                                        )
                                      ]
                                    )
                                  )
                                )
                              )
                              (all out_Bool_228 (type) (fun out_Bool_228 (fun out_Bool_228 out_Bool_228)))
                            }
                            (abs
                              out_Bool_229
                              (type)
                              (lam
                                case_True_230
                                out_Bool_229
                                (lam case_False_231 out_Bool_229 case_True_230)
                              )
                            )
                          ]
                          (abs
                            out_Bool_232
                            (type)
                            (lam
                              case_True_233
                              out_Bool_232
                              (lam case_False_234 out_Bool_232 case_False_234)
                            )
                          )
                        ]
                        (lam
                          x_235
                          (all out_Bool_236 (type) (fun out_Bool_236 (fun out_Bool_236 out_Bool_236)))
                          x_235
                        )
                      ]
                    )
                    { (con addInteger) (con 64) }
                  ]
                )
                { (con subtractInteger) (con 64) }
              ]
            )
          )
        )
        (all out_unit_237 (type) (fun out_unit_237 out_unit_237))
      }
      (abs out_unit_238 (type) (lam case_unit_239 out_unit_238 case_unit_239))
    ]
    (lam x_240 (all out_unit_241 (type) (fun out_unit_241 out_unit_241)) x_240)
  ]
)