(program 1.0.0
  [
    [
      {
        (abs
          Unit_190
          (type)
          (lam
            Unit_191
            Unit_190
            (lam
              Unit_match_192
              (fun Unit_190 (all out_Unit_193 (type) (fun out_Unit_193 out_Unit_193)))
              [
                (lam
                  subtractInteger_194
                  (fun [(con integer) (con 8)] (fun [(con integer) (con 8)] [(con integer) (con 8)]))
                  [
                    [
                      [
                        {
                          (abs
                            Bool_195
                            (type)
                            (lam
                              True_196
                              Bool_195
                              (lam
                                False_197
                                Bool_195
                                (lam
                                  Bool_match_198
                                  (fun Bool_195 (all out_Bool_199 (type) (fun out_Bool_199 (fun out_Bool_199 out_Bool_199))))
                                  [
                                    (lam
                                      equalsInteger_200
                                      (fun [(con integer) (con 8)] (fun [(con integer) (con 8)] Bool_195))
                                      [
                                        (lam
                                          tuple_201
                                          [[(lam t_0_202 (type) (lam t_1_203 (type) (all r_204 (type) (fun (fun t_0_202 (fun t_1_203 r_204)) r_204)))) (fun [(con integer) (con 8)] Bool_195)] (fun [(con integer) (con 8)] Bool_195)]
                                          [
                                            (lam
                                              odd_205
                                              (fun [(con integer) (con 8)] Bool_195)
                                              [
                                                (lam
                                                  even_206
                                                  (fun [(con integer) (con 8)] Bool_195)
                                                  even_206
                                                )
                                                [
                                                  {
                                                    {
                                                      (abs
                                                        t_0_207
                                                        (type)
                                                        (abs
                                                          t_1_208
                                                          (type)
                                                          (lam
                                                            tuple_209
                                                            [[(lam t_0_210 (type) (lam t_1_211 (type) (all r_212 (type) (fun (fun t_0_210 (fun t_1_211 r_212)) r_212)))) t_0_207] t_1_208]
                                                            [
                                                              {
                                                                tuple_209
                                                                t_1_208
                                                              }
                                                              (lam
                                                                arg_0_213
                                                                t_0_207
                                                                (lam
                                                                  arg_1_214
                                                                  t_1_208
                                                                  arg_1_214
                                                                )
                                                              )
                                                            ]
                                                          )
                                                        )
                                                      )
                                                      (fun [(con integer) (con 8)] Bool_195)
                                                    }
                                                    (fun [(con integer) (con 8)] Bool_195)
                                                  }
                                                  tuple_201
                                                ]
                                              ]
                                            )
                                            [
                                              {
                                                {
                                                  (abs
                                                    t_0_215
                                                    (type)
                                                    (abs
                                                      t_1_216
                                                      (type)
                                                      (lam
                                                        tuple_217
                                                        [[(lam t_0_218 (type) (lam t_1_219 (type) (all r_220 (type) (fun (fun t_0_218 (fun t_1_219 r_220)) r_220)))) t_0_215] t_1_216]
                                                        [
                                                          { tuple_217 t_0_215 }
                                                          (lam
                                                            arg_0_221
                                                            t_0_215
                                                            (lam
                                                              arg_1_222
                                                              t_1_216
                                                              arg_0_221
                                                            )
                                                          )
                                                        ]
                                                      )
                                                    )
                                                  )
                                                  (fun [(con integer) (con 8)] Bool_195)
                                                }
                                                (fun [(con integer) (con 8)] Bool_195)
                                              }
                                              tuple_201
                                            ]
                                          ]
                                        )
                                        [
                                          {
                                            {
                                              {
                                                {
                                                  (abs
                                                    a_223
                                                    (type)
                                                    (abs
                                                      b_224
                                                      (type)
                                                      (abs
                                                        a_225
                                                        (type)
                                                        (abs
                                                          b_226
                                                          (type)
                                                          [
                                                            {
                                                              (abs
                                                                F_227
                                                                (fun (type) (type))
                                                                (lam
                                                                  by_228
                                                                  (fun (all Q_229 (type) (fun [F_227 Q_229] Q_229)) (all Q_230 (type) (fun [F_227 Q_230] Q_230)))
                                                                  [
                                                                    {
                                                                      {
                                                                        (abs
                                                                          a_231
                                                                          (type)
                                                                          (abs
                                                                            b_232
                                                                            (type)
                                                                            (lam
                                                                              f_233
                                                                              (fun (fun a_231 b_232) (fun a_231 b_232))
                                                                              [
                                                                                {
                                                                                  (abs
                                                                                    a_234
                                                                                    (type)
                                                                                    (lam
                                                                                      s_235
                                                                                      [(lam a_236 (type) (fix self_237 (fun self_237 a_236))) a_234]
                                                                                      [
                                                                                        (unwrap
                                                                                          s_235
                                                                                        )
                                                                                        s_235
                                                                                      ]
                                                                                    )
                                                                                  )
                                                                                  (fun a_231 b_232)
                                                                                }
                                                                                (wrap
                                                                                  self_238
                                                                                  [(lam a_239 (type) (fun self_238 a_239)) (fun a_231 b_232)]
                                                                                  (lam
                                                                                    s_240
                                                                                    [(lam a_241 (type) (fix self_242 (fun self_242 a_241))) (fun a_231 b_232)]
                                                                                    (lam
                                                                                      x_243
                                                                                      a_231
                                                                                      [
                                                                                        [
                                                                                          f_233
                                                                                          [
                                                                                            {
                                                                                              (abs
                                                                                                a_244
                                                                                                (type)
                                                                                                (lam
                                                                                                  s_245
                                                                                                  [(lam a_246 (type) (fix self_247 (fun self_247 a_246))) a_244]
                                                                                                  [
                                                                                                    (unwrap
                                                                                                      s_245
                                                                                                    )
                                                                                                    s_245
                                                                                                  ]
                                                                                                )
                                                                                              )
                                                                                              (fun a_231 b_232)
                                                                                            }
                                                                                            s_240
                                                                                          ]
                                                                                        ]
                                                                                        x_243
                                                                                      ]
                                                                                    )
                                                                                  )
                                                                                )
                                                                              ]
                                                                            )
                                                                          )
                                                                        )
                                                                        (all Q_248 (type) (fun [F_227 Q_248] [F_227 Q_248]))
                                                                      }
                                                                      (all Q_249 (type) (fun [F_227 Q_249] Q_249))
                                                                    }
                                                                    (lam
                                                                      rec_250
                                                                      (fun (all Q_251 (type) (fun [F_227 Q_251] [F_227 Q_251])) (all Q_252 (type) (fun [F_227 Q_252] Q_252)))
                                                                      (lam
                                                                        h_253
                                                                        (all Q_254 (type) (fun [F_227 Q_254] [F_227 Q_254]))
                                                                        (abs
                                                                          R_255
                                                                          (type)
                                                                          (lam
                                                                            fr_256
                                                                            [F_227 R_255]
                                                                            [
                                                                              {
                                                                                [
                                                                                  by_228
                                                                                  (abs
                                                                                    Q_257
                                                                                    (type)
                                                                                    (lam
                                                                                      fq_258
                                                                                      [F_227 Q_257]
                                                                                      [
                                                                                        {
                                                                                          [
                                                                                            rec_250
                                                                                            h_253
                                                                                          ]
                                                                                          Q_257
                                                                                        }
                                                                                        [
                                                                                          {
                                                                                            h_253
                                                                                            Q_257
                                                                                          }
                                                                                          fq_258
                                                                                        ]
                                                                                      ]
                                                                                    )
                                                                                  )
                                                                                ]
                                                                                R_255
                                                                              }
                                                                              fr_256
                                                                            ]
                                                                          )
                                                                        )
                                                                      )
                                                                    )
                                                                  ]
                                                                )
                                                              )
                                                              (lam X_259 (type) (fun (fun a_223 b_224) (fun (fun a_225 b_226) X_259)))
                                                            }
                                                            (lam
                                                              k_260
                                                              (all Q_261 (type) (fun (fun (fun a_223 b_224) (fun (fun a_225 b_226) Q_261)) Q_261))
                                                              (abs
                                                                S_262
                                                                (type)
                                                                (lam
                                                                  h_263
                                                                  (fun (fun a_223 b_224) (fun (fun a_225 b_226) S_262))
                                                                  [
                                                                    [
                                                                      h_263
                                                                      (lam
                                                                        x_264
                                                                        a_223
                                                                        [
                                                                          {
                                                                            k_260
                                                                            b_224
                                                                          }
                                                                          (lam
                                                                            f_265
                                                                            (fun a_223 b_224)
                                                                            (lam
                                                                              f_266
                                                                              (fun a_225 b_226)
                                                                              [
                                                                                f_265
                                                                                x_264
                                                                              ]
                                                                            )
                                                                          )
                                                                        ]
                                                                      )
                                                                    ]
                                                                    (lam
                                                                      x_267
                                                                      a_225
                                                                      [
                                                                        {
                                                                          k_260
                                                                          b_226
                                                                        }
                                                                        (lam
                                                                          f_268
                                                                          (fun a_223 b_224)
                                                                          (lam
                                                                            f_269
                                                                            (fun a_225 b_226)
                                                                            [
                                                                              f_269
                                                                              x_267
                                                                            ]
                                                                          )
                                                                        )
                                                                      ]
                                                                    )
                                                                  ]
                                                                )
                                                              )
                                                            )
                                                          ]
                                                        )
                                                      )
                                                    )
                                                  )
                                                  [(con integer) (con 8)]
                                                }
                                                Bool_195
                                              }
                                              [(con integer) (con 8)]
                                            }
                                            Bool_195
                                          }
                                          (abs
                                            Q_270
                                            (type)
                                            (lam
                                              choose_271
                                              (fun (fun [(con integer) (con 8)] Bool_195) (fun (fun [(con integer) (con 8)] Bool_195) Q_270))
                                              (lam
                                                odd_272
                                                (fun [(con integer) (con 8)] Bool_195)
                                                (lam
                                                  even_273
                                                  (fun [(con integer) (con 8)] Bool_195)
                                                  [
                                                    [
                                                      choose_271
                                                      (lam
                                                        n_274
                                                        [(con integer) (con 8)]
                                                        [
                                                          [
                                                            [
                                                              {
                                                                [
                                                                  Bool_match_198
                                                                  [
                                                                    [
                                                                      equalsInteger_200
                                                                      n_274
                                                                    ]
                                                                    (con 8 ! 0)
                                                                  ]
                                                                ]
                                                                (fun Unit_190 Bool_195)
                                                              }
                                                              (lam
                                                                thunk_275
                                                                Unit_190
                                                                False_197
                                                              )
                                                            ]
                                                            (lam
                                                              thunk_276
                                                              Unit_190
                                                              [
                                                                even_273
                                                                [
                                                                  [
                                                                    subtractInteger_194
                                                                    n_274
                                                                  ]
                                                                  (con 8 ! 1)
                                                                ]
                                                              ]
                                                            )
                                                          ]
                                                          Unit_191
                                                        ]
                                                      )
                                                    ]
                                                    (lam
                                                      n_277
                                                      [(con integer) (con 8)]
                                                      [
                                                        [
                                                          [
                                                            {
                                                              [
                                                                Bool_match_198
                                                                [
                                                                  [
                                                                    equalsInteger_200
                                                                    n_277
                                                                  ]
                                                                  (con 8 ! 0)
                                                                ]
                                                              ]
                                                              (fun Unit_190 Bool_195)
                                                            }
                                                            (lam
                                                              thunk_278
                                                              Unit_190
                                                              True_196
                                                            )
                                                          ]
                                                          (lam
                                                            thunk_279
                                                            Unit_190
                                                            [
                                                              odd_272
                                                              [
                                                                [
                                                                  subtractInteger_194
                                                                  n_277
                                                                ]
                                                                (con 8 ! 1)
                                                              ]
                                                            ]
                                                          )
                                                        ]
                                                        Unit_191
                                                      ]
                                                    )
                                                  ]
                                                )
                                              )
                                            )
                                          )
                                        ]
                                      ]
                                    )
                                    (lam
                                      arg_280
                                      [(con integer) (con 8)]
                                      (lam
                                        arg_281
                                        [(con integer) (con 8)]
                                        [
                                          (lam
                                            b_282
                                            (all a_283 (type) (fun a_283 (fun a_283 a_283)))
                                            [
                                              [ { b_282 Bool_195 } True_196 ]
                                              False_197
                                            ]
                                          )
                                          [
                                            [
                                              {
                                                (builtin equalsInteger) (con 8)
                                              }
                                              arg_280
                                            ]
                                            arg_281
                                          ]
                                        ]
                                      )
                                    )
                                  ]
                                )
                              )
                            )
                          )
                          (all out_Bool_284 (type) (fun out_Bool_284 (fun out_Bool_284 out_Bool_284)))
                        }
                        (abs
                          out_Bool_285
                          (type)
                          (lam
                            case_True_286
                            out_Bool_285
                            (lam case_False_287 out_Bool_285 case_True_286)
                          )
                        )
                      ]
                      (abs
                        out_Bool_288
                        (type)
                        (lam
                          case_True_289
                          out_Bool_288
                          (lam case_False_290 out_Bool_288 case_False_290)
                        )
                      )
                    ]
                    (lam
                      x_291
                      (all out_Bool_292 (type) (fun out_Bool_292 (fun out_Bool_292 out_Bool_292)))
                      x_291
                    )
                  ]
                )
                { (builtin subtractInteger) (con 8) }
              ]
            )
          )
        )
        (all out_Unit_293 (type) (fun out_Unit_293 out_Unit_293))
      }
      (abs out_Unit_294 (type) (lam case_Unit_295 out_Unit_294 case_Unit_295))
    ]
    (lam x_296 (all out_Unit_297 (type) (fun out_Unit_297 out_Unit_297)) x_296)
  ]
)