( [ TypeParam tyAbs:1:1-1:26 (TyName {unTyName = Name {_nameText = "a", _nameUnique = Unique {unUnique = 2}}}) (Type tyAbs:1:8-1:13)
  , TermParam tyAbs:1:15-1:25 (Name {_nameText = "x", _nameUnique = Unique {unUnique = 3}}) (TyVar tyAbs:1:22-1:22 (TyName {unTyName = Name {_nameText = "a", _nameUnique = Unique {unUnique = 2}}})) ]
, x )