program
  1.1.0
  (let
    !equalsInteger : integer -> integer -> bool = equalsInteger
    !lessThanEqualsInteger : integer -> integer -> bool = lessThanEqualsInteger
    !ifThenElse : all a. bool -> a -> a -> a = ifThenElse
    data Bool | Bool_match where
      True : Bool
      False : Bool
    data Ordering | Ordering_match where
      EQ : Ordering
      GT : Ordering
      LT : Ordering
    ~`$fOrdInteger_$ccompare` : integer -> integer -> Ordering
      = \(eta : integer) ->
          let
            !x : integer = eta
          in
          \(eta : integer) ->
            let
              !y : integer = eta
              !b : bool = equalsInteger x y
            in
            Bool_match
              (ifThenElse {Bool} b True False)
              {all dead. Ordering}
              (/\dead -> EQ)
              (/\dead ->
                 let
                   !b : bool = lessThanEqualsInteger x y
                 in
                 Bool_match
                   (ifThenElse {Bool} b True False)
                   {all dead. Ordering}
                   (/\dead -> LT)
                   (/\dead -> GT)
                   {all dead. dead})
              {all dead. dead}
    ~`$fOrdInteger_$cmax` : integer -> integer -> integer
      = \(x : integer) ->
          let
            !x : integer = x
          in
          \(y : integer) ->
            let
              !y : integer = y
              !b : bool = lessThanEqualsInteger x y
            in
            Bool_match
              (ifThenElse {Bool} b True False)
              {all dead. integer}
              (/\dead -> y)
              (/\dead -> x)
              {all dead. dead}
    ~`$fOrdInteger_$cmin` : integer -> integer -> integer
      = \(x : integer) ->
          let
            !x : integer = x
          in
          \(y : integer) ->
            let
              !y : integer = y
              !b : bool = lessThanEqualsInteger x y
            in
            Bool_match
              (ifThenElse {Bool} b True False)
              {all dead. integer}
              (/\dead -> x)
              (/\dead -> y)
              {all dead. dead}
    ~equalsInteger : integer -> integer -> Bool
      = \(x : integer) ->
          let
            !x : integer = x
          in
          \(y : integer) ->
            let
              !y : integer = y
              !b : bool = equalsInteger x y
            in
            ifThenElse {Bool} b True False
    !lessThanInteger : integer -> integer -> bool = lessThanInteger
    ~greaterThanEqualsInteger : integer -> integer -> Bool
      = \(x : integer) ->
          let
            !x : integer = x
          in
          \(y : integer) ->
            let
              !y : integer = y
            in
            ifThenElse {Bool} (lessThanInteger x y) False True
    ~greaterThanInteger : integer -> integer -> Bool
      = \(x : integer) ->
          let
            !x : integer = x
          in
          \(y : integer) ->
            let
              !y : integer = y
            in
            ifThenElse {Bool} (lessThanEqualsInteger x y) False True
    ~lessThanEqualsInteger : integer -> integer -> Bool
      = \(x : integer) ->
          let
            !x : integer = x
          in
          \(y : integer) ->
            let
              !y : integer = y
              !b : bool = lessThanEqualsInteger x y
            in
            ifThenElse {Bool} b True False
    ~lessThanInteger : integer -> integer -> Bool
      = \(x : integer) ->
          let
            !x : integer = x
          in
          \(y : integer) ->
            let
              !y : integer = y
              !b : bool = lessThanInteger x y
            in
            ifThenElse {Bool} b True False
    data (Ord :: * -> *) a | Ord_match where
      CConsOrd :
        (\a -> a -> a -> Bool) a ->
        (a -> a -> Ordering) ->
        (a -> a -> Bool) ->
        (a -> a -> Bool) ->
        (a -> a -> Bool) ->
        (a -> a -> Bool) ->
        (a -> a -> a) ->
        (a -> a -> a) ->
        Ord a
    ~`$fOrdInteger` : Ord integer
      = CConsOrd
          {integer}
          equalsInteger
          `$fOrdInteger_$ccompare`
          lessThanInteger
          lessThanEqualsInteger
          greaterThanInteger
          greaterThanEqualsInteger
          `$fOrdInteger_$cmax`
          `$fOrdInteger_$cmin`
    ~compare : all a. Ord a -> a -> a -> Ordering
      = /\a ->
          \(v : Ord a) ->
            Ord_match
              {a}
              v
              {a -> a -> Ordering}
              (\(v : (\a -> a -> a -> Bool) a)
                (v : a -> a -> Ordering)
                (v : a -> a -> Bool)
                (v : a -> a -> Bool)
                (v : a -> a -> Bool)
                (v : a -> a -> Bool)
                (v : a -> a -> a)
                (v : a -> a -> a) ->
                 v)
    ~opCompare : all a. Ord a -> a -> a -> Ordering
      = /\a ->
          \(`$dOrd` : Ord a) (a : a) ->
            let
              !a : a = a
            in
            \(b : a) ->
              let
                !b : a = b
              in
              Ordering_match
                (compare {a} `$dOrd` a b)
                {all dead. Ordering}
                (/\dead -> EQ)
                (/\dead -> LT)
                (/\dead -> GT)
                {all dead. dead}
  in
  opCompare {integer} `$fOrdInteger` 1 2)