/\(a :: *) -> /\(r :: *) -> \(f : a -> r -> r) -> \(z : r) -> (/\(a :: *) -> /\(b :: *) -> \(f : (a -> b) -> a -> b) -> (/\(a :: *) -> \(s : (\(a :: *) -> ifix (\(self :: * -> *) -> \(a :: *) -> self a -> a) a) a) -> unwrap s s) {a -> b} (iwrap (\(self :: * -> *) -> \(a :: *) -> self a -> a) (a -> b) (\(s : (\(a :: *) -> ifix (\(self :: * -> *) -> \(a :: *) -> self a -> a) a) (a -> b)) -> \(x : a) -> f ((/\(a :: *) -> \(s : (\(a :: *) -> ifix (\(self :: * -> *) -> \(a :: *) -> self a -> a) a) a) -> unwrap s s) {a -> b} s) x))) {list a} {r} (\(rec : list a -> r) -> \(xs : list a) -> (/\(a :: *) -> \(x : list a) -> /\(r :: *) -> \(z : r) -> \(f : a -> list a -> r) -> (/\(a :: *) -> \(b : bool) -> \(x : unit -> a) -> \(y : unit -> a) -> ifThenElse {unit -> a} b x y ()) {r} (null {a} x) (\(u : unit) -> z) (\(u : unit) -> f (head {a} x) (tail {a} x))) {a} xs {r} z (\(x : a) -> \(xs' : list a) -> f x (rec xs')))