(program 1.0.0
  (lam
    ds_0
    [(con integer) (con 64)]
    [
      (lam
        y_2
        [(con integer) (con 64)]
        [ [ { (con multiplyInteger) (con 64) } y_2 ] y_2 ]
      )
      [
        (lam
          y_1
          [(con integer) (con 64)]
          [ [ { (con multiplyInteger) (con 64) } y_1 ] y_1 ]
        )
        [ [ { (con multiplyInteger) (con 64) } ds_0 ] (con 64 ! 1) ]
      ]
    ]
  )
)