(program 1.0.0
  (lam
    ds_3
    [(con integer) (con 64)]
    [
      (lam
        y_4
        [(con integer) (con 64)]
        [ [ { (con multiplyInteger) (con 64) } y_4 ] y_4 ]
      )
      [
        (lam
          y_5
          [(con integer) (con 64)]
          [ [ { (con multiplyInteger) (con 64) } y_5 ] y_5 ]
        )
        [ [ { (con multiplyInteger) (con 64) } ds_3 ] (con 64 ! 1) ]
      ]
    ]
  )
)