(program
  (let
    (nonrec)
    (datatypebind
      (datatype
        (tyvardecl MyMonoData (type))
        
        MyMonoData_match
        (vardecl Mono1 (fun (con integer) (fun (con integer) MyMonoData)))
        (vardecl Mono2 (fun (con integer) MyMonoData))
        (vardecl Mono3 (fun (con integer) MyMonoData))
      )
    )
    (lam ds MyMonoData ds)
  )
)