(program 1.0.0
  [
    [
      [
        [
          {
            (abs
              Plugin_Spec_MyMonoData_23
              (type)
              (lam
                Plugin_Spec_Mono1_24
                (fun [(con integer) (con 64)] (fun [(con integer) (con 64)] Plugin_Spec_MyMonoData_23))
                (lam
                  Plugin_Spec_Mono2_25
                  (fun [(con integer) (con 64)] Plugin_Spec_MyMonoData_23)
                  (lam
                    Plugin_Spec_Mono3_26
                    (fun [(con integer) (con 64)] Plugin_Spec_MyMonoData_23)
                    (lam
                      match_Plugin_Spec_MyMonoData_27
                      (fun Plugin_Spec_MyMonoData_23 (all out_Plugin_Spec_MyMonoData_28 (type) (fun (fun [(con integer) (con 64)] (fun [(con integer) (con 64)] out_Plugin_Spec_MyMonoData_28)) (fun (fun [(con integer) (con 64)] out_Plugin_Spec_MyMonoData_28) (fun (fun [(con integer) (con 64)] out_Plugin_Spec_MyMonoData_28) out_Plugin_Spec_MyMonoData_28)))))
                      [ Plugin_Spec_Mono2_25 (con 64 ! 2) ]
                    )
                  )
                )
              )
            )
            (all out_Plugin_Spec_MyMonoData_29 (type) (fun (fun [(con integer) (con 64)] (fun [(con integer) (con 64)] out_Plugin_Spec_MyMonoData_29)) (fun (fun [(con integer) (con 64)] out_Plugin_Spec_MyMonoData_29) (fun (fun [(con integer) (con 64)] out_Plugin_Spec_MyMonoData_29) out_Plugin_Spec_MyMonoData_29))))
          }
          (lam
            arg_0_30
            [(con integer) (con 64)]
            (lam
              arg_1_31
              [(con integer) (con 64)]
              (abs
                out_Plugin_Spec_MyMonoData_32
                (type)
                (lam
                  case_Plugin_Spec_Mono1_33
                  (fun [(con integer) (con 64)] (fun [(con integer) (con 64)] out_Plugin_Spec_MyMonoData_32))
                  (lam
                    case_Plugin_Spec_Mono2_34
                    (fun [(con integer) (con 64)] out_Plugin_Spec_MyMonoData_32)
                    (lam
                      case_Plugin_Spec_Mono3_35
                      (fun [(con integer) (con 64)] out_Plugin_Spec_MyMonoData_32)
                      [ [ case_Plugin_Spec_Mono1_33 arg_0_30 ] arg_1_31 ]
                    )
                  )
                )
              )
            )
          )
        ]
        (lam
          arg_0_36
          [(con integer) (con 64)]
          (abs
            out_Plugin_Spec_MyMonoData_37
            (type)
            (lam
              case_Plugin_Spec_Mono1_38
              (fun [(con integer) (con 64)] (fun [(con integer) (con 64)] out_Plugin_Spec_MyMonoData_37))
              (lam
                case_Plugin_Spec_Mono2_39
                (fun [(con integer) (con 64)] out_Plugin_Spec_MyMonoData_37)
                (lam
                  case_Plugin_Spec_Mono3_40
                  (fun [(con integer) (con 64)] out_Plugin_Spec_MyMonoData_37)
                  [ case_Plugin_Spec_Mono2_39 arg_0_36 ]
                )
              )
            )
          )
        )
      ]
      (lam
        arg_0_41
        [(con integer) (con 64)]
        (abs
          out_Plugin_Spec_MyMonoData_42
          (type)
          (lam
            case_Plugin_Spec_Mono1_43
            (fun [(con integer) (con 64)] (fun [(con integer) (con 64)] out_Plugin_Spec_MyMonoData_42))
            (lam
              case_Plugin_Spec_Mono2_44
              (fun [(con integer) (con 64)] out_Plugin_Spec_MyMonoData_42)
              (lam
                case_Plugin_Spec_Mono3_45
                (fun [(con integer) (con 64)] out_Plugin_Spec_MyMonoData_42)
                [ case_Plugin_Spec_Mono3_45 arg_0_41 ]
              )
            )
          )
        )
      )
    ]
    (lam
      x_46
      (all out_Plugin_Spec_MyMonoData_47 (type) (fun (fun [(con integer) (con 64)] (fun [(con integer) (con 64)] out_Plugin_Spec_MyMonoData_47)) (fun (fun [(con integer) (con 64)] out_Plugin_Spec_MyMonoData_47) (fun (fun [(con integer) (con 64)] out_Plugin_Spec_MyMonoData_47) out_Plugin_Spec_MyMonoData_47))))
      x_46
    )
  ]
)