(program
   1.1.0
   (\d ->
      (\cse ->
         (\cse ->
            (\cse ->
               (\cse ->
                  force
                    (force
                       (cse
                          (delay
                             (delay
                                (force
                                   (force
                                      (cse
                                         (delay
                                            (delay
                                               (force
                                                  (force
                                                     (force
                                                        ifThenElse
                                                        (equalsInteger 2 cse)
                                                        (delay
                                                           (delay
                                                              ((\args ->
                                                                  (\ds ->
                                                                     (\ds ->
                                                                        (\`$mInts` ->
                                                                           `$mInts`
                                                                             ds
                                                                             (\x
                                                                               y
                                                                               z
                                                                               w ->
                                                                                `$mInts`
                                                                                  ds
                                                                                  (\x
                                                                                    y
                                                                                    z
                                                                                    w ->
                                                                                     (\int1_ ->
                                                                                        (\int2_ ->
                                                                                           (\int3_ ->
                                                                                              (\int4_ ->
                                                                                                 constrData
                                                                                                   0
                                                                                                   (force
                                                                                                      mkCons
                                                                                                      (iData
                                                                                                         int1_)
                                                                                                      (force
                                                                                                         mkCons
                                                                                                         (iData
                                                                                                            int2_)
                                                                                                         (force
                                                                                                            mkCons
                                                                                                            (iData
                                                                                                               int3_)
                                                                                                            (force
                                                                                                               mkCons
                                                                                                               (iData
                                                                                                                  int4_)
                                                                                                               [  ])))))
                                                                                                (addInteger
                                                                                                   w
                                                                                                   w))
                                                                                             (addInteger
                                                                                                z
                                                                                                z))
                                                                                          (addInteger
                                                                                             y
                                                                                             y))
                                                                                       (addInteger
                                                                                          x
                                                                                          x))
                                                                                  (\void ->
                                                                                     case
                                                                                       error
                                                                                       [ error ])))
                                                                          (\scrut
                                                                            cont
                                                                            fail ->
                                                                             (\tup ->
                                                                                force
                                                                                  (force
                                                                                     (force
                                                                                        ifThenElse
                                                                                        (equalsInteger
                                                                                           0
                                                                                           (force
                                                                                              (force
                                                                                                 fstPair)
                                                                                              tup))
                                                                                        (delay
                                                                                           (delay
                                                                                              ((\l ->
                                                                                                  (\l ->
                                                                                                     (\l ->
                                                                                                        cont
                                                                                                          (unIData
                                                                                                             (force
                                                                                                                headList
                                                                                                                l))
                                                                                                          (unIData
                                                                                                             (force
                                                                                                                headList
                                                                                                                l))
                                                                                                          (unIData
                                                                                                             (force
                                                                                                                headList
                                                                                                                l))
                                                                                                          (unIData
                                                                                                             (force
                                                                                                                headList
                                                                                                                (force
                                                                                                                   tailList
                                                                                                                   l))))
                                                                                                       (force
                                                                                                          tailList
                                                                                                          l))
                                                                                                    (force
                                                                                                       tailList
                                                                                                       l))
                                                                                                 (force
                                                                                                    (force
                                                                                                       sndPair)
                                                                                                    tup))))
                                                                                        (delay
                                                                                           (delay
                                                                                              (fail
                                                                                                 ()))))))
                                                                               (unConstrData
                                                                                  scrut))
                                                                          (\void ->
                                                                             case
                                                                               error
                                                                               [ error ]))
                                                                       (force
                                                                          headList
                                                                          (force
                                                                             tailList
                                                                             args)))
                                                                    (force
                                                                       headList
                                                                       args))
                                                                 (force
                                                                    (force
                                                                       sndPair)
                                                                    cse))))
                                                        (delay
                                                           (delay
                                                              (case
                                                                 error
                                                                 [ error ]))))))))))))))))
                 (force ifThenElse
                    cse
                    (delay
                       (delay (force headList (force (force sndPair) cse))))))
              (equalsInteger 0 cse))
           (force (force fstPair) cse))
        (unConstrData d)))