(program
   1.1.0
   (\d ->
      (\l ->
         (\l ->
            (\l ->
               (\x ->
                  (\y ->
                     (\z ->
                        (\w ->
                           (\lessThanInteger ->
                              addInteger
                                (addInteger
                                   (addInteger
                                      (addInteger (addInteger x y) z)
                                      w)
                                   (case
                                      (lessThanInteger
                                         (addInteger y z)
                                         (addInteger x w))
                                      [(addInteger x z), (addInteger y w)]))
                                (case
                                   (lessThanInteger
                                      (addInteger z y)
                                      (addInteger w x))
                                   [(addInteger z x), (addInteger w y)]))
                             (\x y ->
                                force ifThenElse
                                  (lessThanInteger x y)
                                  (constr 0 [])
                                  (constr 1 [])))
                          (unIData (force headList (force tailList l))))
                       (unIData (force headList l)))
                    (unIData (force headList l)))
                 (unIData (force headList l)))
              (force tailList l))
           (force tailList l))
        (force (force sndPair) (unConstrData d))))