(program
   1.1.0
   (\d ->
      case
        ((\constrArgs ->
            (\rest ->
               (\rest ->
                  constr 0
                    [ (unIData (force headList constrArgs))
                    , (unIData (force headList rest))
                    , (unIData (force headList rest))
                    , (unIData (force headList (force tailList rest))) ])
                 (force tailList rest))
              (force tailList constrArgs))
           (force (force sndPair) (unConstrData d)))
        [ (\int int int int ->
             (\lessThanInteger ->
                addInteger
                  (addInteger
                     (addInteger (addInteger (addInteger int int) int) int)
                     (force
                        (case
                           (lessThanInteger
                              (addInteger int int)
                              (addInteger int int))
                           [ (delay (addInteger int int))
                           , (delay (addInteger int int)) ])))
                  (force
                     (case
                        (lessThanInteger
                           (addInteger int int)
                           (addInteger int int))
                        [ (delay (addInteger int int))
                        , (delay (addInteger int int)) ])))
               (\x y ->
                  force ifThenElse
                    (lessThanInteger x y)
                    (constr 0 [])
                    (constr 1 []))) ]))