[1,2,3]
"\SOH\STX\ETX"
"\SOH\STX\ETX\SOH\STX\EOT"
[True,False,False,False,False,True,False,False,False,False,True,False,False,False,False,True,False,True,True,True,True,False,True,True,True,True,False,True,True,True,True,False,False,True,False,True,False,False,False,True,True,True,False,True,False,False,False,False,True,True,False,True,False,True,False,True,True,True,True,True,False,False,False,True,False,False,True,False,True,False,True,False,False,False,False,False,True,True,True,False,True,False,True,False,True,True,True,False,False,False,True,False,True,True,True,True]
[EQ,LT,GT,LT,GT,EQ,GT,LT,LT,LT,EQ,LT,GT,GT,GT,EQ]
[97,98,99]
"****************************************************************"
("abc","defg")
("","abcdefg")
("abcde","fg")
("abcdefg","")
False
False
False
False
False
False
"\248\223\158\243\239q\230D\212B\DC4\ESCG_"
