(program
  { no-src-span }
  1.1.0
  (let
    { no-src-span }
    (nonrec)
    (termbind
      { no-src-span }
      (strict)
      (vardecl
        { no-src-span }
        addInteger
        (fun
          { no-src-span }
          (con { no-src-span } integer)
          (fun
            { no-src-span }
            (con { no-src-span } integer)
            (con { no-src-span } integer)
          )
        )
      )
      (builtin { no-src-span } addInteger)
    )
    (termbind
      { no-src-span }
      (nonstrict)
      (vardecl
        { no-src-span }
        addInteger
        (fun
          { no-src-span }
          (con { no-src-span } integer)
          (fun
            { no-src-span }
            (con { no-src-span } integer)
            (con { no-src-span } integer)
          )
        )
      )
      (lam
        { no-src-span }
        x
        (con { no-src-span } integer)
        (let
          { no-src-span }
          (nonrec)
          (termbind
            { no-src-span }
            (strict)
            (vardecl { no-src-span } x (con { no-src-span } integer))
            { no-src-span } x
          )
          (lam
            { no-src-span }
            y
            (con { no-src-span } integer)
            (let
              { no-src-span }
              (nonrec)
              (termbind
                { no-src-span }
                (strict)
                (vardecl { no-src-span } y (con { no-src-span } integer))
                { no-src-span } y
              )
              [
                { no-src-span }
                [ { no-src-span } { no-src-span } addInteger { no-src-span } x ]
                { no-src-span } y
              ]
            )
          )
        )
      )
    )
    (termbind
      { no-src-span }
      (strict)
      (vardecl
        { no-src-span }
        equalsInteger
        (fun
          { no-src-span }
          (con { no-src-span } integer)
          (fun
            { no-src-span }
            (con { no-src-span } integer)
            (con { no-src-span } bool)
          )
        )
      )
      (builtin { no-src-span } equalsInteger)
    )
    (termbind
      { no-src-span }
      (nonstrict)
      (vardecl
        { no-src-span }
        equalsInteger
        (fun
          { no-src-span }
          (con { no-src-span } integer)
          (fun
            { no-src-span }
            (con { no-src-span } integer)
            (con { no-src-span } bool)
          )
        )
      )
      (lam
        { no-src-span }
        x
        (con { no-src-span } integer)
        (let
          { no-src-span }
          (nonrec)
          (termbind
            { no-src-span }
            (strict)
            (vardecl { no-src-span } x (con { no-src-span } integer))
            { no-src-span } x
          )
          (lam
            { no-src-span }
            y
            (con { no-src-span } integer)
            (let
              { no-src-span }
              (nonrec)
              (termbind
                { no-src-span }
                (strict)
                (vardecl { no-src-span } y (con { no-src-span } integer))
                { no-src-span } y
              )
              [
                { no-src-span }
                [
                  { no-src-span }
                  { no-src-span } equalsInteger
                  { no-src-span } x
                ]
                { no-src-span } y
              ]
            )
          )
        )
      )
    )
    (termbind
      { no-src-span }
      (strict)
      (vardecl
        { no-src-span }
        subtractInteger
        (fun
          { no-src-span }
          (con { no-src-span } integer)
          (fun
            { no-src-span }
            (con { no-src-span } integer)
            (con { no-src-span } integer)
          )
        )
      )
      (builtin { no-src-span } subtractInteger)
    )
    (termbind
      { no-src-span }
      (nonstrict)
      (vardecl
        { no-src-span }
        subtractInteger
        (fun
          { no-src-span }
          (con { no-src-span } integer)
          (fun
            { no-src-span }
            (con { no-src-span } integer)
            (con { no-src-span } integer)
          )
        )
      )
      (lam
        { no-src-span }
        x
        (con { no-src-span } integer)
        (let
          { no-src-span }
          (nonrec)
          (termbind
            { no-src-span }
            (strict)
            (vardecl { no-src-span } x (con { no-src-span } integer))
            { no-src-span } x
          )
          (lam
            { no-src-span }
            y
            (con { no-src-span } integer)
            (let
              { no-src-span }
              (nonrec)
              (termbind
                { no-src-span }
                (strict)
                (vardecl { no-src-span } y (con { no-src-span } integer))
                { no-src-span } y
              )
              [
                { no-src-span }
                [
                  { no-src-span }
                  { no-src-span } subtractInteger
                  { no-src-span } x
                ]
                { no-src-span } y
              ]
            )
          )
        )
      )
    )
    (let
      { no-src-span }
      (rec)
      (termbind
        { no-src-span }
        (nonstrict)
        (vardecl
          { no-src-span }
          fib
          (fun
            { no-src-span }
            (con { no-src-span } integer)
            (con { no-src-span } integer)
          )
        )
        (lam
          { no-src-span }
          n
          (con { no-src-span } integer)
          (let
            { test/Plugin/Debug/Spec.hs:47:11-56:58 }
            (nonrec)
            (termbind
              { test/Plugin/Debug/Spec.hs:47:11-56:58 }
              (strict)
              (vardecl
                { test/Plugin/Debug/Spec.hs:47:11-56:58 }
                n
                (con { test/Plugin/Debug/Spec.hs:47:11-56:58 } integer)
              )
              { test/Plugin/Debug/Spec.hs:47:11-56:58 } n
            )
            {
              { test/Plugin/Debug/Spec.hs:47:11-56:58, test/Plugin/Debug/Spec.hs:48:13-56:58 }
              (case
                { test/Plugin/Debug/Spec.hs:47:11-56:58, test/Plugin/Debug/Spec.hs:48:13-56:58 }
                (all
                  { test/Plugin/Debug/Spec.hs:47:11-56:58, test/Plugin/Debug/Spec.hs:48:13-56:58 }
                  dead
                  ({ test/Plugin/Debug/Spec.hs:47:11-56:58, test/Plugin/Debug/Spec.hs:48:13-56:58 }
                  type)
                  (con
                    { test/Plugin/Debug/Spec.hs:47:11-56:58, test/Plugin/Debug/Spec.hs:48:13-56:58 }
                    integer
                  )
                )
                [
                  { test/Plugin/Debug/Spec.hs:47:11-56:58, test/Plugin/Debug/Spec.hs:48:13-56:58 }
                  [
                    { test/Plugin/Debug/Spec.hs:47:11-56:58, test/Plugin/Debug/Spec.hs:48:13-56:58 }
                    { test/Plugin/Debug/Spec.hs:47:11-56:58, test/Plugin/Debug/Spec.hs:48:13-56:58 }
                    equalsInteger
                    { test/Plugin/Debug/Spec.hs:47:11-56:58, test/Plugin/Debug/Spec.hs:48:13-56:58, test/Plugin/Debug/Spec.hs:48:39-48:39 }
                    n
                  ]
                  (con
                    { test/Plugin/Debug/Spec.hs:47:11-56:58, test/Plugin/Debug/Spec.hs:48:13-56:58, test/Plugin/Debug/Spec.hs:48:41-48:41 }
                    integer
                    0
                  )
                ]
                (abs
                  { test/Plugin/Debug/Spec.hs:47:11-56:58, test/Plugin/Debug/Spec.hs:48:13-56:58 }
                  dead
                  ({ test/Plugin/Debug/Spec.hs:47:11-56:58, test/Plugin/Debug/Spec.hs:48:13-56:58 }
                  type)
                  {
                    { test/Plugin/Debug/Spec.hs:47:11-56:58, test/Plugin/Debug/Spec.hs:48:13-56:58, test/Plugin/Debug/Spec.hs:51:17-56:58 }
                    (case
                      { test/Plugin/Debug/Spec.hs:47:11-56:58, test/Plugin/Debug/Spec.hs:48:13-56:58, test/Plugin/Debug/Spec.hs:51:17-56:58 }
                      (all
                        { test/Plugin/Debug/Spec.hs:47:11-56:58, test/Plugin/Debug/Spec.hs:48:13-56:58, test/Plugin/Debug/Spec.hs:51:17-56:58 }
                        dead
                        ({ test/Plugin/Debug/Spec.hs:47:11-56:58, test/Plugin/Debug/Spec.hs:48:13-56:58, test/Plugin/Debug/Spec.hs:51:17-56:58 }
                        type)
                        (con
                          { test/Plugin/Debug/Spec.hs:47:11-56:58, test/Plugin/Debug/Spec.hs:48:13-56:58, test/Plugin/Debug/Spec.hs:51:17-56:58 }
                          integer
                        )
                      )
                      [
                        { test/Plugin/Debug/Spec.hs:47:11-56:58, test/Plugin/Debug/Spec.hs:48:13-56:58, test/Plugin/Debug/Spec.hs:51:17-56:58 }
                        [
                          { test/Plugin/Debug/Spec.hs:47:11-56:58, test/Plugin/Debug/Spec.hs:48:13-56:58, test/Plugin/Debug/Spec.hs:51:17-56:58 }
                          { test/Plugin/Debug/Spec.hs:47:11-56:58, test/Plugin/Debug/Spec.hs:48:13-56:58, test/Plugin/Debug/Spec.hs:51:17-56:58 }
                          equalsInteger
                          { test/Plugin/Debug/Spec.hs:47:11-56:58, test/Plugin/Debug/Spec.hs:48:13-56:58, test/Plugin/Debug/Spec.hs:51:17-56:58, test/Plugin/Debug/Spec.hs:51:43-51:43 }
                          n
                        ]
                        (con
                          { test/Plugin/Debug/Spec.hs:47:11-56:58, test/Plugin/Debug/Spec.hs:48:13-56:58, test/Plugin/Debug/Spec.hs:51:17-56:58, test/Plugin/Debug/Spec.hs:51:45-51:45 }
                          integer
                          1
                        )
                      ]
                      (abs
                        { test/Plugin/Debug/Spec.hs:47:11-56:58, test/Plugin/Debug/Spec.hs:48:13-56:58, test/Plugin/Debug/Spec.hs:51:17-56:58 }
                        dead
                        ({ test/Plugin/Debug/Spec.hs:47:11-56:58, test/Plugin/Debug/Spec.hs:48:13-56:58, test/Plugin/Debug/Spec.hs:51:17-56:58 }
                        type)
                        [
                          { test/Plugin/Debug/Spec.hs:47:11-56:58, test/Plugin/Debug/Spec.hs:48:13-56:58, test/Plugin/Debug/Spec.hs:51:17-56:58, test/Plugin/Debug/Spec.hs:54:21-56:58 }
                          [
                            { test/Plugin/Debug/Spec.hs:47:11-56:58, test/Plugin/Debug/Spec.hs:48:13-56:58, test/Plugin/Debug/Spec.hs:51:17-56:58, test/Plugin/Debug/Spec.hs:54:21-56:58 }
                            { test/Plugin/Debug/Spec.hs:47:11-56:58, test/Plugin/Debug/Spec.hs:48:13-56:58, test/Plugin/Debug/Spec.hs:51:17-56:58, test/Plugin/Debug/Spec.hs:54:21-56:58 }
                            addInteger
                            [
                              { test/Plugin/Debug/Spec.hs:47:11-56:58, test/Plugin/Debug/Spec.hs:48:13-56:58, test/Plugin/Debug/Spec.hs:51:17-56:58, test/Plugin/Debug/Spec.hs:54:21-56:58, test/Plugin/Debug/Spec.hs:55:23-55:58 }
                              { test/Plugin/Debug/Spec.hs:47:11-56:58, test/Plugin/Debug/Spec.hs:48:13-56:58, test/Plugin/Debug/Spec.hs:51:17-56:58, test/Plugin/Debug/Spec.hs:54:21-56:58, test/Plugin/Debug/Spec.hs:55:23-55:58 }
                              fib
                              [
                                { test/Plugin/Debug/Spec.hs:47:11-56:58, test/Plugin/Debug/Spec.hs:48:13-56:58, test/Plugin/Debug/Spec.hs:51:17-56:58, test/Plugin/Debug/Spec.hs:54:21-56:58, test/Plugin/Debug/Spec.hs:55:23-55:58, test/Plugin/Debug/Spec.hs:55:28-55:57 }
                                [
                                  { test/Plugin/Debug/Spec.hs:47:11-56:58, test/Plugin/Debug/Spec.hs:48:13-56:58, test/Plugin/Debug/Spec.hs:51:17-56:58, test/Plugin/Debug/Spec.hs:54:21-56:58, test/Plugin/Debug/Spec.hs:55:23-55:58, test/Plugin/Debug/Spec.hs:55:28-55:57 }
                                  { test/Plugin/Debug/Spec.hs:47:11-56:58, test/Plugin/Debug/Spec.hs:48:13-56:58, test/Plugin/Debug/Spec.hs:51:17-56:58, test/Plugin/Debug/Spec.hs:54:21-56:58, test/Plugin/Debug/Spec.hs:55:23-55:58, test/Plugin/Debug/Spec.hs:55:28-55:57 }
                                  subtractInteger
                                  { test/Plugin/Debug/Spec.hs:47:11-56:58, test/Plugin/Debug/Spec.hs:48:13-56:58, test/Plugin/Debug/Spec.hs:51:17-56:58, test/Plugin/Debug/Spec.hs:54:21-56:58, test/Plugin/Debug/Spec.hs:55:23-55:58, test/Plugin/Debug/Spec.hs:55:28-55:57, test/Plugin/Debug/Spec.hs:55:54-55:54 }
                                  n
                                ]
                                (con
                                  { test/Plugin/Debug/Spec.hs:47:11-56:58, test/Plugin/Debug/Spec.hs:48:13-56:58, test/Plugin/Debug/Spec.hs:51:17-56:58, test/Plugin/Debug/Spec.hs:54:21-56:58, test/Plugin/Debug/Spec.hs:55:23-55:58, test/Plugin/Debug/Spec.hs:55:28-55:57, test/Plugin/Debug/Spec.hs:55:56-55:56 }
                                  integer
                                  1
                                )
                              ]
                            ]
                          ]
                          [
                            { test/Plugin/Debug/Spec.hs:47:11-56:58, test/Plugin/Debug/Spec.hs:48:13-56:58, test/Plugin/Debug/Spec.hs:51:17-56:58, test/Plugin/Debug/Spec.hs:54:21-56:58, test/Plugin/Debug/Spec.hs:56:23-56:58 }
                            { test/Plugin/Debug/Spec.hs:47:11-56:58, test/Plugin/Debug/Spec.hs:48:13-56:58, test/Plugin/Debug/Spec.hs:51:17-56:58, test/Plugin/Debug/Spec.hs:54:21-56:58, test/Plugin/Debug/Spec.hs:56:23-56:58 }
                            fib
                            [
                              { test/Plugin/Debug/Spec.hs:47:11-56:58, test/Plugin/Debug/Spec.hs:48:13-56:58, test/Plugin/Debug/Spec.hs:51:17-56:58, test/Plugin/Debug/Spec.hs:54:21-56:58, test/Plugin/Debug/Spec.hs:56:23-56:58, test/Plugin/Debug/Spec.hs:56:28-56:57 }
                              [
                                { test/Plugin/Debug/Spec.hs:47:11-56:58, test/Plugin/Debug/Spec.hs:48:13-56:58, test/Plugin/Debug/Spec.hs:51:17-56:58, test/Plugin/Debug/Spec.hs:54:21-56:58, test/Plugin/Debug/Spec.hs:56:23-56:58, test/Plugin/Debug/Spec.hs:56:28-56:57 }
                                { test/Plugin/Debug/Spec.hs:47:11-56:58, test/Plugin/Debug/Spec.hs:48:13-56:58, test/Plugin/Debug/Spec.hs:51:17-56:58, test/Plugin/Debug/Spec.hs:54:21-56:58, test/Plugin/Debug/Spec.hs:56:23-56:58, test/Plugin/Debug/Spec.hs:56:28-56:57 }
                                subtractInteger
                                { test/Plugin/Debug/Spec.hs:47:11-56:58, test/Plugin/Debug/Spec.hs:48:13-56:58, test/Plugin/Debug/Spec.hs:51:17-56:58, test/Plugin/Debug/Spec.hs:54:21-56:58, test/Plugin/Debug/Spec.hs:56:23-56:58, test/Plugin/Debug/Spec.hs:56:28-56:57, test/Plugin/Debug/Spec.hs:56:54-56:54 }
                                n
                              ]
                              (con
                                { test/Plugin/Debug/Spec.hs:47:11-56:58, test/Plugin/Debug/Spec.hs:48:13-56:58, test/Plugin/Debug/Spec.hs:51:17-56:58, test/Plugin/Debug/Spec.hs:54:21-56:58, test/Plugin/Debug/Spec.hs:56:23-56:58, test/Plugin/Debug/Spec.hs:56:28-56:57, test/Plugin/Debug/Spec.hs:56:56-56:56 }
                                integer
                                2
                              )
                            ]
                          ]
                        ]
                      )
                      (abs
                        { test/Plugin/Debug/Spec.hs:47:11-56:58, test/Plugin/Debug/Spec.hs:48:13-56:58, test/Plugin/Debug/Spec.hs:51:17-56:58 }
                        dead
                        ({ test/Plugin/Debug/Spec.hs:47:11-56:58, test/Plugin/Debug/Spec.hs:48:13-56:58, test/Plugin/Debug/Spec.hs:51:17-56:58 }
                        type)
                        (con
                          { test/Plugin/Debug/Spec.hs:47:11-56:58, test/Plugin/Debug/Spec.hs:48:13-56:58, test/Plugin/Debug/Spec.hs:51:17-56:58, test/Plugin/Debug/Spec.hs:52:24-52:24 }
                          integer
                          1
                        )
                      )
                    )
                    (all
                      { test/Plugin/Debug/Spec.hs:47:11-56:58, test/Plugin/Debug/Spec.hs:48:13-56:58, test/Plugin/Debug/Spec.hs:51:17-56:58 }
                      dead
                      ({ test/Plugin/Debug/Spec.hs:47:11-56:58, test/Plugin/Debug/Spec.hs:48:13-56:58, test/Plugin/Debug/Spec.hs:51:17-56:58 }
                      type)
                      { test/Plugin/Debug/Spec.hs:47:11-56:58, test/Plugin/Debug/Spec.hs:48:13-56:58, test/Plugin/Debug/Spec.hs:51:17-56:58 }
                      dead
                    )
                  }
                )
                (abs
                  { test/Plugin/Debug/Spec.hs:47:11-56:58, test/Plugin/Debug/Spec.hs:48:13-56:58 }
                  dead
                  ({ test/Plugin/Debug/Spec.hs:47:11-56:58, test/Plugin/Debug/Spec.hs:48:13-56:58 }
                  type)
                  (con
                    { test/Plugin/Debug/Spec.hs:47:11-56:58, test/Plugin/Debug/Spec.hs:48:13-56:58, test/Plugin/Debug/Spec.hs:49:20-49:20 }
                    integer
                    0
                  )
                )
              )
              (all
                { test/Plugin/Debug/Spec.hs:47:11-56:58, test/Plugin/Debug/Spec.hs:48:13-56:58 }
                dead
                ({ test/Plugin/Debug/Spec.hs:47:11-56:58, test/Plugin/Debug/Spec.hs:48:13-56:58 }
                type)
                { test/Plugin/Debug/Spec.hs:47:11-56:58, test/Plugin/Debug/Spec.hs:48:13-56:58 }
                dead
              )
            }
          )
        )
      )
      { test/Plugin/Debug/Spec.hs:46:5-58:5 } fib
    )
  )
)