(program 1.0.0
  [
    (lam
      arg_32
      (fix nat_33 (all r_34 (type) (fun r_34 (fun (fun nat_33 r_34) r_34))))
      [
        (lam
          tuple_3
          [[(lam t_0_0 (type) (lam t_1_1 (type) (all r_2 (type) (fun (fun t_0_0 (fun t_1_1 r_2)) r_2)))) (fun (fix nat_13 (all r_14 (type) (fun r_14 (fun (fun nat_13 r_14) r_14)))) (all a_16 (type) (fun a_16 (fun a_16 a_16))))] (fun (fix nat_18 (all r_19 (type) (fun r_19 (fun (fun nat_18 r_19) r_19)))) (all a_21 (type) (fun a_21 (fun a_21 a_21))))]
          [
            (lam
              even_12
              (fun (fix nat_13 (all r_14 (type) (fun r_14 (fun (fun nat_13 r_14) r_14)))) (all a_16 (type) (fun a_16 (fun a_16 a_16))))
              [
                (lam
                  odd_17
                  (fun (fix nat_18 (all r_19 (type) (fun r_19 (fun (fun nat_18 r_19) r_19)))) (all a_21 (type) (fun a_21 (fun a_21 a_21))))
                  [ even_12 arg_32 ]
                )
                [
                  {
                    {
                      (abs
                        t_0_28
                        (type)
                        (abs
                          t_1_29
                          (type)
                          (lam
                            tuple_30
                            [[(lam t_0_31 (type) (lam t_1_32 (type) (all r_33 (type) (fun (fun t_0_31 (fun t_1_32 r_33)) r_33)))) t_0_28] t_1_29]
                            [
                              { tuple_30 t_1_29 }
                              (lam
                                arg_0_34 t_0_28 (lam arg_1_35 t_1_29 arg_1_35)
                              )
                            ]
                          )
                        )
                      )
                      (fun (fix nat_13 (all r_14 (type) (fun r_14 (fun (fun nat_13 r_14) r_14)))) (all a_16 (type) (fun a_16 (fun a_16 a_16))))
                    }
                    (fun (fix nat_18 (all r_19 (type) (fun r_19 (fun (fun nat_18 r_19) r_19)))) (all a_21 (type) (fun a_21 (fun a_21 a_21))))
                  }
                  tuple_3
                ]
              ]
            )
            [
              {
                {
                  (abs
                    t_0_12
                    (type)
                    (abs
                      t_1_13
                      (type)
                      (lam
                        tuple_14
                        [[(lam t_0_15 (type) (lam t_1_16 (type) (all r_17 (type) (fun (fun t_0_15 (fun t_1_16 r_17)) r_17)))) t_0_12] t_1_13]
                        [
                          { tuple_14 t_0_12 }
                          (lam arg_0_18 t_0_12 (lam arg_1_19 t_1_13 arg_0_18))
                        ]
                      )
                    )
                  )
                  (fun (fix nat_13 (all r_14 (type) (fun r_14 (fun (fun nat_13 r_14) r_14)))) (all a_16 (type) (fun a_16 (fun a_16 a_16))))
                }
                (fun (fix nat_18 (all r_19 (type) (fun r_19 (fun (fun nat_18 r_19) r_19)))) (all a_21 (type) (fun a_21 (fun a_21 a_21))))
              }
              tuple_3
            ]
          ]
        )
        [
          {
            {
              {
                {
                  (abs
                    a_38
                    (type)
                    (abs
                      b_39
                      (type)
                      (abs
                        a_40
                        (type)
                        (abs
                          b_41
                          (type)
                          [
                            {
                              (abs
                                F_42
                                (fun (type) (type))
                                (lam
                                  by_43
                                  (fun (all Q_44 (type) (fun [F_42 Q_44] Q_44)) (all Q_45 (type) (fun [F_42 Q_45] Q_45)))
                                  [
                                    {
                                      {
                                        (abs
                                          a_57
                                          (type)
                                          (abs
                                            b_58
                                            (type)
                                            (lam
                                              f_59
                                              (fun (fun a_57 b_58) (fun a_57 b_58))
                                              [
                                                {
                                                  (abs
                                                    a_60
                                                    (type)
                                                    (lam
                                                      s_61
                                                      [(lam a_62 (type) (fix self_63 (fun self_63 a_62))) a_60]
                                                      [ (unwrap s_61) s_61 ]
                                                    )
                                                  )
                                                  (fun a_57 b_58)
                                                }
                                                (wrap
                                                  self_64
                                                  [(lam a_65 (type) (fun self_64 a_65)) (fun a_57 b_58)]
                                                  (lam
                                                    s_66
                                                    [(lam a_67 (type) (fix self_68 (fun self_68 a_67))) (fun a_57 b_58)]
                                                    (lam
                                                      x_69
                                                      a_57
                                                      [
                                                        [
                                                          f_59
                                                          [
                                                            {
                                                              (abs
                                                                a_70
                                                                (type)
                                                                (lam
                                                                  s_71
                                                                  [(lam a_72 (type) (fix self_73 (fun self_73 a_72))) a_70]
                                                                  [
                                                                    (unwrap s_71
                                                                    )
                                                                    s_71
                                                                  ]
                                                                )
                                                              )
                                                              (fun a_57 b_58)
                                                            }
                                                            s_66
                                                          ]
                                                        ]
                                                        x_69
                                                      ]
                                                    )
                                                  )
                                                )
                                              ]
                                            )
                                          )
                                        )
                                        (all Q_74 (type) (fun [F_42 Q_74] [F_42 Q_74]))
                                      }
                                      (all Q_75 (type) (fun [F_42 Q_75] Q_75))
                                    }
                                    (lam
                                      rec_76
                                      (fun (all Q_77 (type) (fun [F_42 Q_77] [F_42 Q_77])) (all Q_78 (type) (fun [F_42 Q_78] Q_78)))
                                      (lam
                                        h_79
                                        (all Q_80 (type) (fun [F_42 Q_80] [F_42 Q_80]))
                                        (abs
                                          R_81
                                          (type)
                                          (lam
                                            fr_82
                                            [F_42 R_81]
                                            [
                                              {
                                                [
                                                  by_43
                                                  (abs
                                                    Q_83
                                                    (type)
                                                    (lam
                                                      fq_84
                                                      [F_42 Q_83]
                                                      [
                                                        { [ rec_76 h_79 ] Q_83 }
                                                        [ { h_79 Q_83 } fq_84 ]
                                                      ]
                                                    )
                                                  )
                                                ]
                                                R_81
                                              }
                                              fr_82
                                            ]
                                          )
                                        )
                                      )
                                    )
                                  ]
                                )
                              )
                              (lam X_85 (type) (fun (fun a_38 b_39) (fun (fun a_40 b_41) X_85)))
                            }
                            (lam
                              k_87
                              (all Q_88 (type) (fun (fun (fun a_38 b_39) (fun (fun a_40 b_41) Q_88)) Q_88))
                              (abs
                                S_86
                                (type)
                                (lam
                                  h_89
                                  (fun (fun a_38 b_39) (fun (fun a_40 b_41) S_86))
                                  [
                                    [
                                      h_89
                                      (lam
                                        x_92
                                        a_38
                                        [
                                          { k_87 b_39 }
                                          (lam
                                            f_90
                                            (fun a_38 b_39)
                                            (lam
                                              f_91 (fun a_40 b_41) [ f_90 x_92 ]
                                            )
                                          )
                                        ]
                                      )
                                    ]
                                    (lam
                                      x_95
                                      a_40
                                      [
                                        { k_87 b_41 }
                                        (lam
                                          f_93
                                          (fun a_38 b_39)
                                          (lam
                                            f_94 (fun a_40 b_41) [ f_94 x_95 ]
                                          )
                                        )
                                      ]
                                    )
                                  ]
                                )
                              )
                            )
                          ]
                        )
                      )
                    )
                  )
                  (fix nat_13 (all r_14 (type) (fun r_14 (fun (fun nat_13 r_14) r_14))))
                }
                (all a_16 (type) (fun a_16 (fun a_16 a_16)))
              }
              (fix nat_18 (all r_19 (type) (fun r_19 (fun (fun nat_18 r_19) r_19))))
            }
            (all a_21 (type) (fun a_21 (fun a_21 a_21)))
          }
          (abs
            Q_36
            (type)
            (lam
              choose_37
              (fun (fun (fix nat_13 (all r_14 (type) (fun r_14 (fun (fun nat_13 r_14) r_14)))) (all a_16 (type) (fun a_16 (fun a_16 a_16)))) (fun (fun (fix nat_18 (all r_19 (type) (fun r_19 (fun (fun nat_18 r_19) r_19)))) (all a_21 (type) (fun a_21 (fun a_21 a_21)))) Q_36))
              (lam
                even_12
                (fun (fix nat_13 (all r_14 (type) (fun r_14 (fun (fun nat_13 r_14) r_14)))) (all a_16 (type) (fun a_16 (fun a_16 a_16))))
                (lam
                  odd_17
                  (fun (fix nat_18 (all r_19 (type) (fun r_19 (fun (fun nat_18 r_19) r_19)))) (all a_21 (type) (fun a_21 (fun a_21 a_21))))
                  [
                    [
                      choose_37
                      (lam
                        n_22
                        (fix nat_23 (all r_24 (type) (fun r_24 (fun (fun nat_23 r_24) r_24))))
                        [
                          [
                            {
                              (unwrap n_22)
                              (all a_26 (type) (fun a_26 (fun a_26 a_26)))
                            }
                            (abs a_3 (type) (lam x_4 a_3 (lam y_5 a_3 x_4)))
                          ]
                          odd_17
                        ]
                      )
                    ]
                    (lam
                      n_27
                      (fix nat_28 (all r_29 (type) (fun r_29 (fun (fun nat_28 r_29) r_29))))
                      [
                        [
                          {
                            (unwrap n_27)
                            (all a_31 (type) (fun a_31 (fun a_31 a_31)))
                          }
                          (abs a_9 (type) (lam x_10 a_9 (lam y_11 a_9 y_11)))
                        ]
                        even_12
                      ]
                    )
                  ]
                )
              )
            )
          )
        ]
      ]
    )
    [
      (lam
        n_41
        (fix nat_42 (all r_43 (type) (fun r_43 (fun (fun nat_42 r_43) r_43))))
        (wrap
          nat_44
          (all r_45 (type) (fun r_45 (fun (fun nat_44 r_45) r_45)))
          (abs
            r_46
            (type)
            (lam
              z_47
              r_46
              (lam
                f_48
                (fun (fix nat_49 (all r_50 (type) (fun r_50 (fun (fun nat_49 r_50) r_50)))) r_46)
                [ f_48 n_41 ]
              )
            )
          )
        )
      )
      [
        (lam
          n_57
          (fix nat_58 (all r_59 (type) (fun r_59 (fun (fun nat_58 r_59) r_59))))
          (wrap
            nat_60
            (all r_61 (type) (fun r_61 (fun (fun nat_60 r_61) r_61)))
            (abs
              r_62
              (type)
              (lam
                z_63
                r_62
                (lam
                  f_64
                  (fun (fix nat_65 (all r_66 (type) (fun r_66 (fun (fun nat_65 r_66) r_66)))) r_62)
                  [ f_64 n_57 ]
                )
              )
            )
          )
        )
        [
          (lam
            n_73
            (fix nat_74 (all r_75 (type) (fun r_75 (fun (fun nat_74 r_75) r_75))))
            (wrap
              nat_76
              (all r_77 (type) (fun r_77 (fun (fun nat_76 r_77) r_77)))
              (abs
                r_78
                (type)
                (lam
                  z_79
                  r_78
                  (lam
                    f_80
                    (fun (fix nat_81 (all r_82 (type) (fun r_82 (fun (fun nat_81 r_82) r_82)))) r_78)
                    [ f_80 n_73 ]
                  )
                )
              )
            )
          )
          (wrap
            nat_88
            (all r_89 (type) (fun r_89 (fun (fun nat_88 r_89) r_89)))
            (abs
              r_90
              (type)
              (lam
                z_91
                r_90
                (lam
                  f_92
                  (fun (fix nat_93 (all r_94 (type) (fun r_94 (fun (fun nat_93 r_94) r_94)))) r_90)
                  z_91
                )
              )
            )
          )
        ]
      ]
    ]
  ]
)