(program 1.0.0
  [
    (lam
      arg_316
      (ifix (lam rec_317 (fun (fun (type) (type)) (type)) (lam spine_318 (fun (type) (type)) [spine_318 [(lam nat_319 (type) (all r_320 (type) (fun r_320 (fun (fun nat_319 r_320) r_320)))) [rec_317 (lam dat_321 (type) dat_321)]]])) (lam dat_322 (type) dat_322))
      [
        (lam
          tup_323
          (all r_324 (type) (fun (fun (fun (ifix (lam rec_325 (fun (fun (type) (type)) (type)) (lam spine_326 (fun (type) (type)) [spine_326 [(lam nat_327 (type) (all r_328 (type) (fun r_328 (fun (fun nat_327 r_328) r_328)))) [rec_325 (lam dat_329 (type) dat_329)]]])) (lam dat_330 (type) dat_330)) (all a_331 (type) (fun a_331 (fun a_331 a_331)))) (fun (fun (ifix (lam rec_332 (fun (fun (type) (type)) (type)) (lam spine_333 (fun (type) (type)) [spine_333 [(lam nat_334 (type) (all r_335 (type) (fun r_335 (fun (fun nat_334 r_335) r_335)))) [rec_332 (lam dat_336 (type) dat_336)]]])) (lam dat_337 (type) dat_337)) (all a_338 (type) (fun a_338 (fun a_338 a_338)))) r_324)) r_324))
          [
            (lam
              even_339
              (fun (ifix (lam rec_340 (fun (fun (type) (type)) (type)) (lam spine_341 (fun (type) (type)) [spine_341 [(lam nat_342 (type) (all r_343 (type) (fun r_343 (fun (fun nat_342 r_343) r_343)))) [rec_340 (lam dat_344 (type) dat_344)]]])) (lam dat_345 (type) dat_345)) (all a_346 (type) (fun a_346 (fun a_346 a_346))))
              [
                (lam
                  odd_347
                  (fun (ifix (lam rec_348 (fun (fun (type) (type)) (type)) (lam spine_349 (fun (type) (type)) [spine_349 [(lam nat_350 (type) (all r_351 (type) (fun r_351 (fun (fun nat_350 r_351) r_351)))) [rec_348 (lam dat_352 (type) dat_352)]]])) (lam dat_353 (type) dat_353)) (all a_354 (type) (fun a_354 (fun a_354 a_354))))
                  [ even_339 arg_316 ]
                )
                [
                  {
                    tup_323
                    (fun (ifix (lam rec_355 (fun (fun (type) (type)) (type)) (lam spine_356 (fun (type) (type)) [spine_356 [(lam nat_357 (type) (all r_358 (type) (fun r_358 (fun (fun nat_357 r_358) r_358)))) [rec_355 (lam dat_359 (type) dat_359)]]])) (lam dat_360 (type) dat_360)) (all a_361 (type) (fun a_361 (fun a_361 a_361))))
                  }
                  (lam
                    arg_0_362
                    (fun (ifix (lam rec_363 (fun (fun (type) (type)) (type)) (lam spine_364 (fun (type) (type)) [spine_364 [(lam nat_365 (type) (all r_366 (type) (fun r_366 (fun (fun nat_365 r_366) r_366)))) [rec_363 (lam dat_367 (type) dat_367)]]])) (lam dat_368 (type) dat_368)) (all a_369 (type) (fun a_369 (fun a_369 a_369))))
                    (lam
                      arg_1_370
                      (fun (ifix (lam rec_371 (fun (fun (type) (type)) (type)) (lam spine_372 (fun (type) (type)) [spine_372 [(lam nat_373 (type) (all r_374 (type) (fun r_374 (fun (fun nat_373 r_374) r_374)))) [rec_371 (lam dat_375 (type) dat_375)]]])) (lam dat_376 (type) dat_376)) (all a_377 (type) (fun a_377 (fun a_377 a_377))))
                      arg_1_370
                    )
                  )
                ]
              ]
            )
            [
              {
                tup_323
                (fun (ifix (lam rec_378 (fun (fun (type) (type)) (type)) (lam spine_379 (fun (type) (type)) [spine_379 [(lam nat_380 (type) (all r_381 (type) (fun r_381 (fun (fun nat_380 r_381) r_381)))) [rec_378 (lam dat_382 (type) dat_382)]]])) (lam dat_383 (type) dat_383)) (all a_384 (type) (fun a_384 (fun a_384 a_384))))
              }
              (lam
                arg_0_385
                (fun (ifix (lam rec_386 (fun (fun (type) (type)) (type)) (lam spine_387 (fun (type) (type)) [spine_387 [(lam nat_388 (type) (all r_389 (type) (fun r_389 (fun (fun nat_388 r_389) r_389)))) [rec_386 (lam dat_390 (type) dat_390)]]])) (lam dat_391 (type) dat_391)) (all a_392 (type) (fun a_392 (fun a_392 a_392))))
                (lam
                  arg_1_393
                  (fun (ifix (lam rec_394 (fun (fun (type) (type)) (type)) (lam spine_395 (fun (type) (type)) [spine_395 [(lam nat_396 (type) (all r_397 (type) (fun r_397 (fun (fun nat_396 r_397) r_397)))) [rec_394 (lam dat_398 (type) dat_398)]]])) (lam dat_399 (type) dat_399)) (all a_400 (type) (fun a_400 (fun a_400 a_400))))
                  arg_0_385
                )
              )
            ]
          ]
        )
        [
          {
            {
              {
                {
                  (abs
                    a_401
                    (type)
                    (abs
                      b_402
                      (type)
                      (abs
                        a_403
                        (type)
                        (abs
                          b_404
                          (type)
                          [
                            {
                              (abs
                                F_405
                                (fun (type) (type))
                                (lam
                                  by_406
                                  (fun (all Q_407 (type) (fun [F_405 Q_407] Q_407)) (all Q_408 (type) (fun [F_405 Q_408] Q_408)))
                                  [
                                    {
                                      {
                                        (abs
                                          a_409
                                          (type)
                                          (abs
                                            b_410
                                            (type)
                                            (lam
                                              f_411
                                              (fun (fun a_409 b_410) (fun a_409 b_410))
                                              [
                                                {
                                                  (abs
                                                    a_412
                                                    (type)
                                                    (lam
                                                      s_413
                                                      [(lam a_414 (type) (ifix (lam rec_415 (fun (fun (fun (type) (type)) (type)) (type)) (lam spine_416 (fun (fun (type) (type)) (type)) [spine_416 [(lam self_417 (fun (type) (type)) (lam a_418 (type) (fun [self_417 a_418] a_418))) (lam a_419 (type) [rec_415 (lam dat_420 (fun (type) (type)) [dat_420 a_419])])]])) (lam dat_421 (fun (type) (type)) [dat_421 a_414]))) a_412]
                                                      [ (unwrap s_413) s_413 ]
                                                    )
                                                  )
                                                  (fun a_409 b_410)
                                                }
                                                (iwrap
                                                  (lam rec_422 (fun (fun (fun (type) (type)) (type)) (type)) (lam spine_423 (fun (fun (type) (type)) (type)) [spine_423 [(lam self_424 (fun (type) (type)) (lam a_425 (type) (fun [self_424 a_425] a_425))) (lam a_426 (type) [rec_422 (lam dat_427 (fun (type) (type)) [dat_427 a_426])])]]))
                                                  (lam dat_428 (fun (type) (type)) [dat_428 (fun a_409 b_410)])
                                                  (lam
                                                    s_429
                                                    [(lam a_430 (type) (ifix (lam rec_431 (fun (fun (fun (type) (type)) (type)) (type)) (lam spine_432 (fun (fun (type) (type)) (type)) [spine_432 [(lam self_433 (fun (type) (type)) (lam a_434 (type) (fun [self_433 a_434] a_434))) (lam a_435 (type) [rec_431 (lam dat_436 (fun (type) (type)) [dat_436 a_435])])]])) (lam dat_437 (fun (type) (type)) [dat_437 a_430]))) (fun a_409 b_410)]
                                                    (lam
                                                      x_438
                                                      a_409
                                                      [
                                                        [
                                                          f_411
                                                          [
                                                            {
                                                              (abs
                                                                a_439
                                                                (type)
                                                                (lam
                                                                  s_440
                                                                  [(lam a_441 (type) (ifix (lam rec_442 (fun (fun (fun (type) (type)) (type)) (type)) (lam spine_443 (fun (fun (type) (type)) (type)) [spine_443 [(lam self_444 (fun (type) (type)) (lam a_445 (type) (fun [self_444 a_445] a_445))) (lam a_446 (type) [rec_442 (lam dat_447 (fun (type) (type)) [dat_447 a_446])])]])) (lam dat_448 (fun (type) (type)) [dat_448 a_441]))) a_439]
                                                                  [
                                                                    (unwrap
                                                                      s_440
                                                                    )
                                                                    s_440
                                                                  ]
                                                                )
                                                              )
                                                              (fun a_409 b_410)
                                                            }
                                                            s_429
                                                          ]
                                                        ]
                                                        x_438
                                                      ]
                                                    )
                                                  )
                                                )
                                              ]
                                            )
                                          )
                                        )
                                        (all Q_449 (type) (fun [F_405 Q_449] [F_405 Q_449]))
                                      }
                                      (all Q_450 (type) (fun [F_405 Q_450] Q_450))
                                    }
                                    (lam
                                      rec_451
                                      (fun (all Q_452 (type) (fun [F_405 Q_452] [F_405 Q_452])) (all Q_453 (type) (fun [F_405 Q_453] Q_453)))
                                      (lam
                                        h_454
                                        (all Q_455 (type) (fun [F_405 Q_455] [F_405 Q_455]))
                                        (abs
                                          R_456
                                          (type)
                                          (lam
                                            fr_457
                                            [F_405 R_456]
                                            [
                                              {
                                                [
                                                  by_406
                                                  (abs
                                                    Q_458
                                                    (type)
                                                    (lam
                                                      fq_459
                                                      [F_405 Q_458]
                                                      [
                                                        {
                                                          [ rec_451 h_454 ]
                                                          Q_458
                                                        }
                                                        [
                                                          { h_454 Q_458 } fq_459
                                                        ]
                                                      ]
                                                    )
                                                  )
                                                ]
                                                R_456
                                              }
                                              fr_457
                                            ]
                                          )
                                        )
                                      )
                                    )
                                  ]
                                )
                              )
                              (lam X_460 (type) (fun (fun a_401 b_402) (fun (fun a_403 b_404) X_460)))
                            }
                            (lam
                              k_461
                              (all Q_462 (type) (fun (fun (fun a_401 b_402) (fun (fun a_403 b_404) Q_462)) Q_462))
                              (abs
                                S_463
                                (type)
                                (lam
                                  h_464
                                  (fun (fun a_401 b_402) (fun (fun a_403 b_404) S_463))
                                  [
                                    [
                                      h_464
                                      (lam
                                        x_465
                                        a_401
                                        [
                                          { k_461 b_402 }
                                          (lam
                                            f_466
                                            (fun a_401 b_402)
                                            (lam
                                              f_467
                                              (fun a_403 b_404)
                                              [ f_466 x_465 ]
                                            )
                                          )
                                        ]
                                      )
                                    ]
                                    (lam
                                      x_468
                                      a_403
                                      [
                                        { k_461 b_404 }
                                        (lam
                                          f_469
                                          (fun a_401 b_402)
                                          (lam
                                            f_470
                                            (fun a_403 b_404)
                                            [ f_470 x_468 ]
                                          )
                                        )
                                      ]
                                    )
                                  ]
                                )
                              )
                            )
                          ]
                        )
                      )
                    )
                  )
                  (ifix (lam rec_471 (fun (fun (type) (type)) (type)) (lam spine_472 (fun (type) (type)) [spine_472 [(lam nat_473 (type) (all r_474 (type) (fun r_474 (fun (fun nat_473 r_474) r_474)))) [rec_471 (lam dat_475 (type) dat_475)]]])) (lam dat_476 (type) dat_476))
                }
                (all a_477 (type) (fun a_477 (fun a_477 a_477)))
              }
              (ifix (lam rec_478 (fun (fun (type) (type)) (type)) (lam spine_479 (fun (type) (type)) [spine_479 [(lam nat_480 (type) (all r_481 (type) (fun r_481 (fun (fun nat_480 r_481) r_481)))) [rec_478 (lam dat_482 (type) dat_482)]]])) (lam dat_483 (type) dat_483))
            }
            (all a_484 (type) (fun a_484 (fun a_484 a_484)))
          }
          (abs
            Q_485
            (type)
            (lam
              choose_486
              (fun (fun (ifix (lam rec_487 (fun (fun (type) (type)) (type)) (lam spine_488 (fun (type) (type)) [spine_488 [(lam nat_489 (type) (all r_490 (type) (fun r_490 (fun (fun nat_489 r_490) r_490)))) [rec_487 (lam dat_491 (type) dat_491)]]])) (lam dat_492 (type) dat_492)) (all a_493 (type) (fun a_493 (fun a_493 a_493)))) (fun (fun (ifix (lam rec_494 (fun (fun (type) (type)) (type)) (lam spine_495 (fun (type) (type)) [spine_495 [(lam nat_496 (type) (all r_497 (type) (fun r_497 (fun (fun nat_496 r_497) r_497)))) [rec_494 (lam dat_498 (type) dat_498)]]])) (lam dat_499 (type) dat_499)) (all a_500 (type) (fun a_500 (fun a_500 a_500)))) Q_485))
              (lam
                even_501
                (fun (ifix (lam rec_502 (fun (fun (type) (type)) (type)) (lam spine_503 (fun (type) (type)) [spine_503 [(lam nat_504 (type) (all r_505 (type) (fun r_505 (fun (fun nat_504 r_505) r_505)))) [rec_502 (lam dat_506 (type) dat_506)]]])) (lam dat_507 (type) dat_507)) (all a_508 (type) (fun a_508 (fun a_508 a_508))))
                (lam
                  odd_509
                  (fun (ifix (lam rec_510 (fun (fun (type) (type)) (type)) (lam spine_511 (fun (type) (type)) [spine_511 [(lam nat_512 (type) (all r_513 (type) (fun r_513 (fun (fun nat_512 r_513) r_513)))) [rec_510 (lam dat_514 (type) dat_514)]]])) (lam dat_515 (type) dat_515)) (all a_516 (type) (fun a_516 (fun a_516 a_516))))
                  [
                    [
                      choose_486
                      (lam
                        n_517
                        (ifix (lam rec_518 (fun (fun (type) (type)) (type)) (lam spine_519 (fun (type) (type)) [spine_519 [(lam nat_520 (type) (all r_521 (type) (fun r_521 (fun (fun nat_520 r_521) r_521)))) [rec_518 (lam dat_522 (type) dat_522)]]])) (lam dat_523 (type) dat_523))
                        [
                          [
                            {
                              (unwrap n_517)
                              (all a_524 (type) (fun a_524 (fun a_524 a_524)))
                            }
                            (abs
                              a_525
                              (type)
                              (lam x_526 a_525 (lam y_527 a_525 x_526))
                            )
                          ]
                          odd_509
                        ]
                      )
                    ]
                    (lam
                      n_528
                      (ifix (lam rec_529 (fun (fun (type) (type)) (type)) (lam spine_530 (fun (type) (type)) [spine_530 [(lam nat_531 (type) (all r_532 (type) (fun r_532 (fun (fun nat_531 r_532) r_532)))) [rec_529 (lam dat_533 (type) dat_533)]]])) (lam dat_534 (type) dat_534))
                      [
                        [
                          {
                            (unwrap n_528)
                            (all a_535 (type) (fun a_535 (fun a_535 a_535)))
                          }
                          (abs
                            a_536
                            (type)
                            (lam x_537 a_536 (lam y_538 a_536 y_538))
                          )
                        ]
                        even_501
                      ]
                    )
                  ]
                )
              )
            )
          )
        ]
      ]
    )
    [
      (lam
        n_539
        (ifix (lam rec_540 (fun (fun (type) (type)) (type)) (lam spine_541 (fun (type) (type)) [spine_541 [(lam nat_542 (type) (all r_543 (type) (fun r_543 (fun (fun nat_542 r_543) r_543)))) [rec_540 (lam dat_544 (type) dat_544)]]])) (lam dat_545 (type) dat_545))
        (iwrap
          (lam rec_546 (fun (fun (type) (type)) (type)) (lam spine_547 (fun (type) (type)) [spine_547 [(lam nat_548 (type) (all r_549 (type) (fun r_549 (fun (fun nat_548 r_549) r_549)))) [rec_546 (lam dat_550 (type) dat_550)]]]))
          (lam dat_551 (type) dat_551)
          (abs
            r_552
            (type)
            (lam
              z_553
              r_552
              (lam
                f_554
                (fun (ifix (lam rec_555 (fun (fun (type) (type)) (type)) (lam spine_556 (fun (type) (type)) [spine_556 [(lam nat_557 (type) (all r_558 (type) (fun r_558 (fun (fun nat_557 r_558) r_558)))) [rec_555 (lam dat_559 (type) dat_559)]]])) (lam dat_560 (type) dat_560)) r_552)
                [ f_554 n_539 ]
              )
            )
          )
        )
      )
      [
        (lam
          n_561
          (ifix (lam rec_562 (fun (fun (type) (type)) (type)) (lam spine_563 (fun (type) (type)) [spine_563 [(lam nat_564 (type) (all r_565 (type) (fun r_565 (fun (fun nat_564 r_565) r_565)))) [rec_562 (lam dat_566 (type) dat_566)]]])) (lam dat_567 (type) dat_567))
          (iwrap
            (lam rec_568 (fun (fun (type) (type)) (type)) (lam spine_569 (fun (type) (type)) [spine_569 [(lam nat_570 (type) (all r_571 (type) (fun r_571 (fun (fun nat_570 r_571) r_571)))) [rec_568 (lam dat_572 (type) dat_572)]]]))
            (lam dat_573 (type) dat_573)
            (abs
              r_574
              (type)
              (lam
                z_575
                r_574
                (lam
                  f_576
                  (fun (ifix (lam rec_577 (fun (fun (type) (type)) (type)) (lam spine_578 (fun (type) (type)) [spine_578 [(lam nat_579 (type) (all r_580 (type) (fun r_580 (fun (fun nat_579 r_580) r_580)))) [rec_577 (lam dat_581 (type) dat_581)]]])) (lam dat_582 (type) dat_582)) r_574)
                  [ f_576 n_561 ]
                )
              )
            )
          )
        )
        [
          (lam
            n_583
            (ifix (lam rec_584 (fun (fun (type) (type)) (type)) (lam spine_585 (fun (type) (type)) [spine_585 [(lam nat_586 (type) (all r_587 (type) (fun r_587 (fun (fun nat_586 r_587) r_587)))) [rec_584 (lam dat_588 (type) dat_588)]]])) (lam dat_589 (type) dat_589))
            (iwrap
              (lam rec_590 (fun (fun (type) (type)) (type)) (lam spine_591 (fun (type) (type)) [spine_591 [(lam nat_592 (type) (all r_593 (type) (fun r_593 (fun (fun nat_592 r_593) r_593)))) [rec_590 (lam dat_594 (type) dat_594)]]]))
              (lam dat_595 (type) dat_595)
              (abs
                r_596
                (type)
                (lam
                  z_597
                  r_596
                  (lam
                    f_598
                    (fun (ifix (lam rec_599 (fun (fun (type) (type)) (type)) (lam spine_600 (fun (type) (type)) [spine_600 [(lam nat_601 (type) (all r_602 (type) (fun r_602 (fun (fun nat_601 r_602) r_602)))) [rec_599 (lam dat_603 (type) dat_603)]]])) (lam dat_604 (type) dat_604)) r_596)
                    [ f_598 n_583 ]
                  )
                )
              )
            )
          )
          (iwrap
            (lam rec_605 (fun (fun (type) (type)) (type)) (lam spine_606 (fun (type) (type)) [spine_606 [(lam nat_607 (type) (all r_608 (type) (fun r_608 (fun (fun nat_607 r_608) r_608)))) [rec_605 (lam dat_609 (type) dat_609)]]]))
            (lam dat_610 (type) dat_610)
            (abs
              r_611
              (type)
              (lam
                z_612
                r_611
                (lam
                  f_613
                  (fun (ifix (lam rec_614 (fun (fun (type) (type)) (type)) (lam spine_615 (fun (type) (type)) [spine_615 [(lam nat_616 (type) (all r_617 (type) (fun r_617 (fun (fun nat_616 r_617) r_617)))) [rec_614 (lam dat_618 (type) dat_618)]]])) (lam dat_619 (type) dat_619)) r_611)
                  z_612
                )
              )
            )
          )
        ]
      ]
    ]
  ]
)