(program 1.0.0
  [
    {
      (abs
        a_0
        (type)
        (lam
          Two_arg0_26
          [(fix B_15 (lam a_16 (type) (all B_matchOut_17 (type) (fun (fun a_16 B_matchOut_17) (fun (fun [B_15 [[(lam a_19 (type) (lam b_20 (type) (all p_matchOut_21 (type) (fun (fun a_19 (fun b_20 p_matchOut_21)) p_matchOut_21)))) a_16] a_16]] B_matchOut_17) B_matchOut_17))))) [[(lam a_23 (type) (lam b_24 (type) (all p_matchOut_25 (type) (fun (fun a_23 (fun b_24 p_matchOut_25)) p_matchOut_25)))) a_0] a_0]]
          (wrap
            B_27
            (lam a_28 (type) (all B_matchOut_29 (type) (fun (fun a_28 B_matchOut_29) (fun (fun [B_27 [[(lam a_31 (type) (lam b_32 (type) (all p_matchOut_33 (type) (fun (fun a_31 (fun b_32 p_matchOut_33)) p_matchOut_33)))) a_28] a_28]] B_matchOut_29) B_matchOut_29))))
            (abs
              B_matchOut_1
              (type)
              (lam
                One_13
                (fun a_0 B_matchOut_1)
                (lam
                  Two_14
                  (fun [(fix B_2 (lam a_3 (type) (all B_matchOut_4 (type) (fun (fun a_3 B_matchOut_4) (fun (fun [B_2 [[(lam a_6 (type) (lam b_7 (type) (all p_matchOut_8 (type) (fun (fun a_6 (fun b_7 p_matchOut_8)) p_matchOut_8)))) a_3] a_3]] B_matchOut_4) B_matchOut_4))))) [[(lam a_10 (type) (lam b_11 (type) (all p_matchOut_12 (type) (fun (fun a_10 (fun b_11 p_matchOut_12)) p_matchOut_12)))) a_0] a_0]] B_matchOut_1)
                  [ Two_14 Two_arg0_26 ]
                )
              )
            )
          )
        )
      )
      [(con integer) (con 64)]
    }
    [
      {
        (abs
          a_34
          (type)
          (lam
            Two_arg0_60
            [(fix B_49 (lam a_50 (type) (all B_matchOut_51 (type) (fun (fun a_50 B_matchOut_51) (fun (fun [B_49 [[(lam a_53 (type) (lam b_54 (type) (all p_matchOut_55 (type) (fun (fun a_53 (fun b_54 p_matchOut_55)) p_matchOut_55)))) a_50] a_50]] B_matchOut_51) B_matchOut_51))))) [[(lam a_57 (type) (lam b_58 (type) (all p_matchOut_59 (type) (fun (fun a_57 (fun b_58 p_matchOut_59)) p_matchOut_59)))) a_34] a_34]]
            (wrap
              B_61
              (lam a_62 (type) (all B_matchOut_63 (type) (fun (fun a_62 B_matchOut_63) (fun (fun [B_61 [[(lam a_65 (type) (lam b_66 (type) (all p_matchOut_67 (type) (fun (fun a_65 (fun b_66 p_matchOut_67)) p_matchOut_67)))) a_62] a_62]] B_matchOut_63) B_matchOut_63))))
              (abs
                B_matchOut_35
                (type)
                (lam
                  One_47
                  (fun a_34 B_matchOut_35)
                  (lam
                    Two_48
                    (fun [(fix B_36 (lam a_37 (type) (all B_matchOut_38 (type) (fun (fun a_37 B_matchOut_38) (fun (fun [B_36 [[(lam a_40 (type) (lam b_41 (type) (all p_matchOut_42 (type) (fun (fun a_40 (fun b_41 p_matchOut_42)) p_matchOut_42)))) a_37] a_37]] B_matchOut_38) B_matchOut_38))))) [[(lam a_44 (type) (lam b_45 (type) (all p_matchOut_46 (type) (fun (fun a_44 (fun b_45 p_matchOut_46)) p_matchOut_46)))) a_34] a_34]] B_matchOut_35)
                    [ Two_48 Two_arg0_60 ]
                  )
                )
              )
            )
          )
        )
        [[(lam a_69 (type) (lam b_70 (type) (all p_matchOut_71 (type) (fun (fun a_69 (fun b_70 p_matchOut_71)) p_matchOut_71)))) [(con integer) (con 64)]] [(con integer) (con 64)]]
      }
      [
        {
          (abs
            a_72
            (type)
            (lam
              One_arg0_87
              a_72
              (wrap
                B_88
                (lam a_89 (type) (all B_matchOut_90 (type) (fun (fun a_89 B_matchOut_90) (fun (fun [B_88 [[(lam a_92 (type) (lam b_93 (type) (all p_matchOut_94 (type) (fun (fun a_92 (fun b_93 p_matchOut_94)) p_matchOut_94)))) a_89] a_89]] B_matchOut_90) B_matchOut_90))))
                (abs
                  B_matchOut_73
                  (type)
                  (lam
                    One_85
                    (fun a_72 B_matchOut_73)
                    (lam
                      Two_86
                      (fun [(fix B_74 (lam a_75 (type) (all B_matchOut_76 (type) (fun (fun a_75 B_matchOut_76) (fun (fun [B_74 [[(lam a_78 (type) (lam b_79 (type) (all p_matchOut_80 (type) (fun (fun a_78 (fun b_79 p_matchOut_80)) p_matchOut_80)))) a_75] a_75]] B_matchOut_76) B_matchOut_76))))) [[(lam a_82 (type) (lam b_83 (type) (all p_matchOut_84 (type) (fun (fun a_82 (fun b_83 p_matchOut_84)) p_matchOut_84)))) a_72] a_72]] B_matchOut_73)
                      [ One_85 One_arg0_87 ]
                    )
                  )
                )
              )
            )
          )
          [[(lam a_96 (type) (lam b_97 (type) (all p_matchOut_98 (type) (fun (fun a_96 (fun b_97 p_matchOut_98)) p_matchOut_98)))) [[(lam a_100 (type) (lam b_101 (type) (all p_matchOut_102 (type) (fun (fun a_100 (fun b_101 p_matchOut_102)) p_matchOut_102)))) [(con integer) (con 64)]] [(con integer) (con 64)]]] [[(lam a_104 (type) (lam b_105 (type) (all p_matchOut_106 (type) (fun (fun a_104 (fun b_105 p_matchOut_106)) p_matchOut_106)))) [(con integer) (con 64)]] [(con integer) (con 64)]]]
        }
        [
          [
            {
              {
                (abs
                  a_107
                  (type)
                  (abs
                    b_108
                    (type)
                    (lam
                      p_arg0_111
                      a_107
                      (lam
                        p_arg1_112
                        b_108
                        (abs
                          p_matchOut_109
                          (type)
                          (lam
                            bad_name_110
                            (fun a_107 (fun b_108 p_matchOut_109))
                            [ [ bad_name_110 p_arg0_111 ] p_arg1_112 ]
                          )
                        )
                      )
                    )
                  )
                )
                [[(lam a_114 (type) (lam b_115 (type) (all p_matchOut_116 (type) (fun (fun a_114 (fun b_115 p_matchOut_116)) p_matchOut_116)))) [(con integer) (con 64)]] [(con integer) (con 64)]]
              }
              [[(lam a_118 (type) (lam b_119 (type) (all p_matchOut_120 (type) (fun (fun a_118 (fun b_119 p_matchOut_120)) p_matchOut_120)))) [(con integer) (con 64)]] [(con integer) (con 64)]]
            }
            [
              [
                {
                  {
                    (abs
                      a_121
                      (type)
                      (abs
                        b_122
                        (type)
                        (lam
                          p_arg0_125
                          a_121
                          (lam
                            p_arg1_126
                            b_122
                            (abs
                              p_matchOut_123
                              (type)
                              (lam
                                bad_name_124
                                (fun a_121 (fun b_122 p_matchOut_123))
                                [ [ bad_name_124 p_arg0_125 ] p_arg1_126 ]
                              )
                            )
                          )
                        )
                      )
                    )
                    [(con integer) (con 64)]
                  }
                  [(con integer) (con 64)]
                }
                (con 64 ! 1)
              ]
              (con 64 ! 2)
            ]
          ]
          [
            [
              {
                {
                  (abs
                    a_127
                    (type)
                    (abs
                      b_128
                      (type)
                      (lam
                        p_arg0_131
                        a_127
                        (lam
                          p_arg1_132
                          b_128
                          (abs
                            p_matchOut_129
                            (type)
                            (lam
                              bad_name_130
                              (fun a_127 (fun b_128 p_matchOut_129))
                              [ [ bad_name_130 p_arg0_131 ] p_arg1_132 ]
                            )
                          )
                        )
                      )
                    )
                  )
                  [(con integer) (con 64)]
                }
                [(con integer) (con 64)]
              }
              (con 64 ! 3)
            ]
            (con 64 ! 4)
          ]
        ]
      ]
    ]
  ]
)