(program 1.0.0
  [
    [
      [
        {
          (abs
            Bool_84
            (type)
            (lam
              True_85
              Bool_84
              (lam
                False_86
                Bool_84
                (lam
                  Bool_match_87
                  (fun Bool_84 (all out_Bool_88 (type) (fun out_Bool_88 (fun out_Bool_88 out_Bool_88))))
                  [
                    (lam
                      verifySignature_89
                      (fun [(con bytestring) (con 32)] (fun [(con bytestring) (con 32)] (fun [(con bytestring) (con 32)] Bool_84)))
                      (lam
                        ds_90
                        [(con bytestring) (con 32)]
                        (lam
                          ds_91
                          [(con bytestring) (con 32)]
                          (lam
                            ds_92
                            [(con bytestring) (con 32)]
                            [ [ [ verifySignature_89 ds_90 ] ds_91 ] ds_92 ]
                          )
                        )
                      )
                    )
                    (lam
                      arg_93
                      [(con bytestring) (con 32)]
                      (lam
                        arg_94
                        [(con bytestring) (con 32)]
                        (lam
                          arg_95
                          [(con bytestring) (con 32)]
                          [
                            (lam
                              b_96
                              (all a_97 (type) (fun a_97 (fun a_97 a_97)))
                              [ [ { b_96 Bool_84 } True_85 ] False_86 ]
                            )
                            [
                              [
                                [
                                  {
                                    {
                                      { (builtin verifySignature) (con 32) }
                                      (con 32)
                                    }
                                    (con 32)
                                  }
                                  arg_93
                                ]
                                arg_94
                              ]
                              arg_95
                            ]
                          ]
                        )
                      )
                    )
                  ]
                )
              )
            )
          )
          (all out_Bool_98 (type) (fun out_Bool_98 (fun out_Bool_98 out_Bool_98)))
        }
        (abs
          out_Bool_99
          (type)
          (lam
            case_True_100
            out_Bool_99
            (lam case_False_101 out_Bool_99 case_True_100)
          )
        )
      ]
      (abs
        out_Bool_102
        (type)
        (lam
          case_True_103
          out_Bool_102
          (lam case_False_104 out_Bool_102 case_False_104)
        )
      )
    ]
    (lam
      x_105
      (all out_Bool_106 (type) (fun out_Bool_106 (fun out_Bool_106 out_Bool_106)))
      x_105
    )
  ]
)