(program 1.0.0
  [
    [
      {
        (abs
          MyNewtype_4
          (type)
          (lam
            MyNewtype_9
            (fun [(con integer) (con 64)] MyNewtype_4)
            (lam
              MyNewtype_match_10
              (fun MyNewtype_4 (all MyNewtype_matchOut_11 (type) (fun (fun [(con integer) (con 64)] MyNewtype_matchOut_11) MyNewtype_matchOut_11)))
              [
                [
                  {
                    (abs
                      MyNewtype2_12
                      (type)
                      (lam
                        MyNewtype2_17
                        (fun MyNewtype_4 MyNewtype2_12)
                        (lam
                          MyNewtype2_match_18
                          (fun MyNewtype2_12 (all MyNewtype2_matchOut_19 (type) (fun (fun MyNewtype_4 MyNewtype2_matchOut_19) MyNewtype2_matchOut_19)))
                          (lam
                            ds_20
                            MyNewtype2_12
                            [
                              {
                                [
                                  MyNewtype_match_10
                                  [
                                    {
                                      [ MyNewtype2_match_18 ds_20 ] MyNewtype_4
                                    }
                                    (lam inner_21 MyNewtype_4 inner_21)
                                  ]
                                ]
                                [(con integer) (con 64)]
                              }
                              (lam inner_22 [(con integer) (con 64)] inner_22)
                            ]
                          )
                        )
                      )
                    )
                    (all MyNewtype2_matchOut_1 (type) (fun (fun MyNewtype_4 MyNewtype2_matchOut_1) MyNewtype2_matchOut_1))
                  }
                  (lam
                    MyNewtype2_arg0_15
                    MyNewtype_4
                    (abs
                      MyNewtype2_matchOut_13
                      (type)
                      (lam
                        MyNewtype2_14
                        (fun MyNewtype_4 MyNewtype2_matchOut_13)
                        [ MyNewtype2_14 MyNewtype2_arg0_15 ]
                      )
                    )
                  )
                ]
                (lam
                  x_16
                  (all MyNewtype2_matchOut_1 (type) (fun (fun MyNewtype_4 MyNewtype2_matchOut_1) MyNewtype2_matchOut_1))
                  x_16
                )
              ]
            )
          )
        )
        (all MyNewtype_matchOut_3 (type) (fun (fun [(con integer) (con 64)] MyNewtype_matchOut_3) MyNewtype_matchOut_3))
      }
      (lam
        MyNewtype_arg0_7
        [(con integer) (con 64)]
        (abs
          MyNewtype_matchOut_5
          (type)
          (lam
            MyNewtype_6
            (fun [(con integer) (con 64)] MyNewtype_matchOut_5)
            [ MyNewtype_6 MyNewtype_arg0_7 ]
          )
        )
      )
    ]
    (lam
      x_8
      (all MyNewtype_matchOut_3 (type) (fun (fun [(con integer) (con 64)] MyNewtype_matchOut_3) MyNewtype_matchOut_3))
      x_8
    )
  ]
)