\(a :: *) -> ifix (\(b :: ((* -> (* -> * -> *) -> *) -> *) -> *) -> \(p :: (* -> (* -> * -> *) -> *) -> *) -> p (\(a :: *) -> \(tag :: * -> * -> *) -> all (r :: *). tag ((a -> b (\(r :: * -> (* -> * -> *) -> *) -> r a (\(t :: *) -> \(f :: *) -> f)) -> r) -> r) (r -> (b (\(r :: * -> (* -> * -> *) -> *) -> r a (\(t :: *) -> \(f :: *) -> t)) -> b (\(r :: * -> (* -> * -> *) -> *) -> r a (\(t :: *) -> \(f :: *) -> f)) -> r) -> r))) (\(r :: * -> (* -> * -> *) -> *) -> r a (\(t :: *) -> \(f :: *) -> f))