(program
   1.1.0
   ((\`$fOrdInteger` x y ->
       force
         (case
            (case `$fOrdInteger` [(\v v v v v v v v -> v)] x 3)
            [ (delay (case `$fOrdInteger` [(\v v v v v v v v -> v)] y 3))
            , (delay (constr 1 [])) ]))
      (constr 0
         [ (\x y ->
              force ifThenElse (equalsInteger x y) (constr 0 []) (constr 1 []))
         , (\eta eta ->
              force
                (force
                   (force ifThenElse
                      (equalsInteger eta eta)
                      (delay (delay (constr 0 [])))
                      (delay
                         (delay
                            (force
                               (force
                                  (force ifThenElse
                                     (lessThanEqualsInteger eta eta)
                                     (delay (delay (constr 2 [])))
                                     (delay (delay (constr 1 [])))))))))))
         , (\x y ->
              force ifThenElse
                (lessThanInteger x y)
                (constr 0 [])
                (constr 1 []))
         , (\x y ->
              force ifThenElse
                (lessThanEqualsInteger x y)
                (constr 0 [])
                (constr 1 []))
         , (\x y ->
              force ifThenElse
                (lessThanEqualsInteger x y)
                (constr 1 [])
                (constr 0 []))
         , (\x y ->
              force ifThenElse
                (lessThanInteger x y)
                (constr 1 [])
                (constr 0 []))
         , (\x y ->
              force
                (force
                   (force ifThenElse
                      (lessThanEqualsInteger x y)
                      (delay (delay y))
                      (delay (delay x)))))
         , (\x y ->
              force
                (force
                   (force ifThenElse
                      (lessThanEqualsInteger x y)
                      (delay (delay x))
                      (delay (delay y))))) ])
      4
      4))