(program
  (let
    (nonrec)
    (termbind
      (strict)
      (vardecl
        divideInteger (fun (con integer) (fun (con integer) (con integer)))
      )
      (builtin divideInteger)
    )
    (datatypebind
      (datatype
        (tyvardecl Bool (type))

        Bool_match
        (vardecl True Bool) (vardecl False Bool)
      )
    )
    (termbind
      (strict)
      (vardecl equalsInteger (fun (con integer) (fun (con integer) Bool)))
      (lam
        arg
        (con integer)
        (lam
          arg
          (con integer)
          [
            (lam
              b
              (con bool)
              [ [ [ { (builtin ifThenElse) Bool } b ] True ] False ]
            )
            [ [ (builtin equalsInteger) arg ] arg ]
          ]
        )
      )
    )
    (termbind
      (strict)
      (vardecl wild Bool)
      [
        [ equalsInteger [ [ divideInteger (con integer 1) ] (con integer 0) ] ]
        (con integer 0)
      ]
    )
    (con integer 1)
  )
)